Feb  2 10:00:30 cu-cs-vm rsyslogd: [origin software="rsyslogd" swVersion="8.16.0" x-pid="793" x-info="http://www.rsyslog.com"] rsyslogd was HUPed
Feb  2 10:00:36 cu-cs-vm anacron[809]: Job `cron.daily' terminated
Feb  2 10:00:36 cu-cs-vm anacron[809]: Normal exit (1 job run)
Feb  2 10:02:01 cu-cs-vm CRON[3061]: (root) CMD (   test -x /etc/cron.daily/popularity-contest && /etc/cron.daily/popularity-contest --crond)
Feb  2 10:05:30 cu-cs-vm uptimed: moving up to position 15: 0 days, 00:10:06
Feb  2 10:05:47 cu-cs-vm systemd-timesyncd[617]: Timed out waiting for reply from 91.189.89.198:123 (ntp.ubuntu.com).
Feb  2 10:05:57 cu-cs-vm systemd-timesyncd[617]: Timed out waiting for reply from 91.189.91.157:123 (ntp.ubuntu.com).
Feb  2 10:06:07 cu-cs-vm systemd-timesyncd[617]: Timed out waiting for reply from 91.189.89.199:123 (ntp.ubuntu.com).
Feb  2 10:42:39 cu-cs-vm systemd[1004]: Time has been changed
Feb  2 10:42:39 cu-cs-vm systemd-timesyncd[617]: Synchronized to time server 91.189.94.4:123 (ntp.ubuntu.com).
Feb  2 10:42:39 cu-cs-vm systemd[1]: Time has been changed
Feb  2 10:46:03 cu-cs-vm NetworkManager[785]: <info>  [1517593563.8323] dhcp4 (ens33): state changed bound -> expire
Feb  2 10:46:03 cu-cs-vm NetworkManager[785]: <info>  [1517593563.8506] dhcp4 (ens33): canceled DHCP transaction, DHCP client pid 972
Feb  2 10:46:03 cu-cs-vm NetworkManager[785]: <info>  [1517593563.8511] dhcp4 (ens33): state changed expire -> done
Feb  2 10:46:03 cu-cs-vm NetworkManager[785]: <info>  [1517593563.8525] device (ens33): state change: activated -> failed (reason 'ip-config-expired') [100 120 6]
Feb  2 10:46:03 cu-cs-vm NetworkManager[785]: <info>  [1517593563.8538] manager: NetworkManager state is now CONNECTED_LOCAL
Feb  2 10:46:03 cu-cs-vm NetworkManager[785]: <info>  [1517593563.8541] manager: NetworkManager state is now DISCONNECTED
Feb  2 10:46:03 cu-cs-vm NetworkManager[785]: <warn>  [1517593563.8575] device (ens33): Activation: failed for connection 'Wired connection 1'
Feb  2 10:46:03 cu-cs-vm whoopsie[1462]: [10:46:03] offline
Feb  2 10:46:03 cu-cs-vm dbus[749]: [system] Activating via systemd: service name='org.freedesktop.nm_dispatcher' unit='dbus-org.freedesktop.nm-dispatcher.service'
Feb  2 10:46:03 cu-cs-vm NetworkManager[785]: <info>  [1517593563.8604] device (ens33): state change: failed -> disconnected (reason 'none') [120 30 0]
Feb  2 10:46:03 cu-cs-vm avahi-daemon[803]: Withdrawing address record for fe80::fd85:c231:cc31:376a on ens33.
Feb  2 10:46:03 cu-cs-vm avahi-daemon[803]: Leaving mDNS multicast group on interface ens33.IPv6 with address fe80::fd85:c231:cc31:376a.
Feb  2 10:46:03 cu-cs-vm avahi-daemon[803]: Interface ens33.IPv6 no longer relevant for mDNS.
Feb  2 10:46:03 cu-cs-vm systemd[1]: Starting Network Manager Script Dispatcher Service...
Feb  2 10:46:03 cu-cs-vm NetworkManager[785]: <info>  [1517593563.8747] dns-mgr: Writing DNS information to /sbin/resolvconf
Feb  2 10:46:03 cu-cs-vm avahi-daemon[803]: Withdrawing address record for 192.168.149.129 on ens33.
Feb  2 10:46:03 cu-cs-vm avahi-daemon[803]: Leaving mDNS multicast group on interface ens33.IPv4 with address 192.168.149.129.
Feb  2 10:46:03 cu-cs-vm dnsmasq[1145]: setting upstream servers from DBus
Feb  2 10:46:03 cu-cs-vm avahi-daemon[803]: Interface ens33.IPv4 no longer relevant for mDNS.
Feb  2 10:46:03 cu-cs-vm dbus[749]: [system] Successfully activated service 'org.freedesktop.nm_dispatcher'
Feb  2 10:46:03 cu-cs-vm nm-dispatcher: req:1 'down' [ens33]: new request (1 scripts)
Feb  2 10:46:03 cu-cs-vm nm-dispatcher: req:1 'down' [ens33]: start running ordered scripts...
Feb  2 10:46:03 cu-cs-vm systemd[1]: Started Network Manager Script Dispatcher Service.
Feb  2 10:46:03 cu-cs-vm NetworkManager[785]: <info>  [1517593563.9492] policy: auto-activating connection 'Wired connection 1'
Feb  2 10:46:03 cu-cs-vm NetworkManager[785]: <info>  [1517593563.9522] device (ens33): Activation: starting connection 'Wired connection 1' (8b41e849-5803-3751-b8ff-b39912bb6033)
Feb  2 10:46:03 cu-cs-vm NetworkManager[785]: <info>  [1517593563.9524] device (ens33): state change: disconnected -> prepare (reason 'none') [30 40 0]
Feb  2 10:46:03 cu-cs-vm NetworkManager[785]: <info>  [1517593563.9525] manager: NetworkManager state is now CONNECTING
Feb  2 10:46:03 cu-cs-vm NetworkManager[785]: <info>  [1517593563.9529] device (ens33): state change: prepare -> config (reason 'none') [40 50 0]
Feb  2 10:46:03 cu-cs-vm NetworkManager[785]: <info>  [1517593563.9559] device (ens33): state change: config -> ip-config (reason 'none') [50 70 0]
Feb  2 10:46:03 cu-cs-vm NetworkManager[785]: <info>  [1517593563.9562] dhcp4 (ens33): activation: beginning transaction (timeout in 45 seconds)
Feb  2 10:46:03 cu-cs-vm NetworkManager[785]: <info>  [1517593563.9597] dhcp4 (ens33): dhclient started with pid 3134
Feb  2 10:46:04 cu-cs-vm dhclient[3134]: DHCPDISCOVER on ens33 to 255.255.255.255 port 67 interval 3 (xid=0x3f853438)
Feb  2 10:46:05 cu-cs-vm avahi-daemon[803]: Joining mDNS multicast group on interface ens33.IPv6 with address fe80::fd85:c231:cc31:376a.
Feb  2 10:46:05 cu-cs-vm avahi-daemon[803]: New relevant interface ens33.IPv6 for mDNS.
Feb  2 10:46:05 cu-cs-vm avahi-daemon[803]: Registering new address record for fe80::fd85:c231:cc31:376a on ens33.*.
Feb  2 10:46:05 cu-cs-vm dhclient[3134]: DHCPREQUEST of 192.168.149.129 on ens33 to 255.255.255.255 port 67 (xid=0x3834853f)
Feb  2 10:46:05 cu-cs-vm dhclient[3134]: DHCPOFFER of 192.168.149.129 from 192.168.149.254
Feb  2 10:46:05 cu-cs-vm dhclient[3134]: DHCPACK of 192.168.149.129 from 192.168.149.254
Feb  2 10:46:05 cu-cs-vm NetworkManager[785]: <info>  [1517593565.8851]   address 192.168.149.129
Feb  2 10:46:05 cu-cs-vm NetworkManager[785]: <info>  [1517593565.8851]   plen 24 (255.255.255.0)
Feb  2 10:46:05 cu-cs-vm NetworkManager[785]: <info>  [1517593565.8851]   gateway 192.168.149.2
Feb  2 10:46:05 cu-cs-vm NetworkManager[785]: <info>  [1517593565.8851]   server identifier 192.168.149.254
Feb  2 10:46:05 cu-cs-vm NetworkManager[785]: <info>  [1517593565.8851]   lease time 1800
Feb  2 10:46:05 cu-cs-vm NetworkManager[785]: <info>  [1517593565.8852]   nameserver '192.168.149.2'
Feb  2 10:46:05 cu-cs-vm NetworkManager[785]: <info>  [1517593565.8852]   domain name 'localdomain'
Feb  2 10:46:05 cu-cs-vm NetworkManager[785]: <info>  [1517593565.8852]   wins '192.168.149.2'
Feb  2 10:46:05 cu-cs-vm NetworkManager[785]: <info>  [1517593565.8852] dhcp4 (ens33): state changed unknown -> bound
Feb  2 10:46:05 cu-cs-vm avahi-daemon[803]: Joining mDNS multicast group on interface ens33.IPv4 with address 192.168.149.129.
Feb  2 10:46:05 cu-cs-vm avahi-daemon[803]: New relevant interface ens33.IPv4 for mDNS.
Feb  2 10:46:05 cu-cs-vm avahi-daemon[803]: Registering new address record for 192.168.149.129 on ens33.IPv4.
Feb  2 10:46:05 cu-cs-vm NetworkManager[785]: <info>  [1517593565.8931] device (ens33): state change: ip-config -> ip-check (reason 'none') [70 80 0]
Feb  2 10:46:05 cu-cs-vm NetworkManager[785]: <info>  [1517593565.8938] device (ens33): state change: ip-check -> secondaries (reason 'none') [80 90 0]
Feb  2 10:46:05 cu-cs-vm dhclient[3134]: bound to 192.168.149.129 -- renewal in 871 seconds.
Feb  2 10:46:05 cu-cs-vm NetworkManager[785]: <info>  [1517593565.8966] device (ens33): state change: secondaries -> activated (reason 'none') [90 100 0]
Feb  2 10:46:05 cu-cs-vm NetworkManager[785]: <info>  [1517593565.8967] manager: NetworkManager state is now CONNECTED_LOCAL
Feb  2 10:46:05 cu-cs-vm NetworkManager[785]: <info>  [1517593565.8971] manager: NetworkManager state is now CONNECTED_GLOBAL
Feb  2 10:46:05 cu-cs-vm NetworkManager[785]: <info>  [1517593565.8972] policy: set 'Wired connection 1' (ens33) as default for IPv4 routing and DNS
Feb  2 10:46:05 cu-cs-vm NetworkManager[785]: <info>  [1517593565.8974] dns-mgr: Writing DNS information to /sbin/resolvconf
Feb  2 10:46:05 cu-cs-vm dnsmasq[1145]: setting upstream servers from DBus
Feb  2 10:46:05 cu-cs-vm dnsmasq[1145]: using nameserver 192.168.149.2#53(via ens33)
Feb  2 10:46:05 cu-cs-vm NetworkManager[785]: <info>  [1517593565.9660] device (ens33): Activation: successful, device activated.
Feb  2 10:46:05 cu-cs-vm nm-dispatcher: req:2 'up' [ens33]: new request (1 scripts)
Feb  2 10:46:05 cu-cs-vm nm-dispatcher: req:2 'up' [ens33]: start running ordered scripts...
Feb  2 10:46:06 cu-cs-vm systemd[1]: Reloading OpenBSD Secure Shell server.
Feb  2 10:46:06 cu-cs-vm systemd[1]: Reloaded OpenBSD Secure Shell server.
Feb  2 10:46:06 cu-cs-vm systemd[1]: Reloading OpenBSD Secure Shell server.
Feb  2 10:46:06 cu-cs-vm systemd[1]: Reloaded OpenBSD Secure Shell server.
Feb  2 10:46:08 cu-cs-vm whoopsie[1462]: [10:46:08] The default IPv4 route is: /org/freedesktop/NetworkManager/ActiveConnection/1
Feb  2 10:46:08 cu-cs-vm whoopsie[1462]: [10:46:08] Not a paid data plan: /org/freedesktop/NetworkManager/ActiveConnection/1
Feb  2 10:46:08 cu-cs-vm whoopsie[1462]: [10:46:08] Found usable connection: /org/freedesktop/NetworkManager/ActiveConnection/1
Feb  2 10:46:08 cu-cs-vm whoopsie[1462]: [10:46:08] online
Feb  2 10:47:00 cu-cs-vm systemd[1]: Starting Cleanup of Temporary Directories...
Feb  2 10:47:00 cu-cs-vm systemd-tmpfiles[3306]: [/usr/lib/tmpfiles.d/var.conf:14] Duplicate line for path "/var/log", ignoring.
Feb  2 10:47:00 cu-cs-vm systemd[1]: Started Cleanup of Temporary Directories.
Feb  2 10:48:04 cu-cs-vm kernel: [  968.771961] e1000: ens33 NIC Link is Down
Feb  2 10:48:04 cu-cs-vm NetworkManager[785]: <info>  [1517593684.4404] device (ens33): link disconnected (deferring action for 4 seconds)
Feb  2 10:48:08 cu-cs-vm kernel: [  972.802540] e1000: ens33 NIC Link is Up 1000 Mbps Full Duplex, Flow Control: None
Feb  2 10:48:08 cu-cs-vm NetworkManager[785]: <info>  [1517593688.4715] device (ens33): link connected
Feb  2 10:48:08 cu-cs-vm NetworkManager[785]: <info>  [1517593688.4717] device (ens33): DHCPv4 lease renewal requested
Feb  2 10:48:08 cu-cs-vm NetworkManager[785]: <info>  [1517593688.5064] dhcp4 (ens33): canceled DHCP transaction, DHCP client pid 3134
Feb  2 10:48:08 cu-cs-vm NetworkManager[785]: <info>  [1517593688.5065] dhcp4 (ens33): state changed bound -> done
Feb  2 10:48:08 cu-cs-vm NetworkManager[785]: <info>  [1517593688.5076] dhcp4 (ens33): activation: beginning transaction (timeout in 45 seconds)
Feb  2 10:48:08 cu-cs-vm NetworkManager[785]: <info>  [1517593688.5098] dhcp4 (ens33): dhclient started with pid 3310
Feb  2 10:48:08 cu-cs-vm dhclient[3310]: DHCPREQUEST of 192.168.149.129 on ens33 to 255.255.255.255 port 67 (xid=0x27610029)
Feb  2 10:48:08 cu-cs-vm dhclient[3310]: DHCPACK of 192.168.149.129 from 192.168.149.254
Feb  2 10:48:08 cu-cs-vm NetworkManager[785]: <info>  [1517593688.5521]   address 192.168.149.129
Feb  2 10:48:08 cu-cs-vm NetworkManager[785]: <info>  [1517593688.5522]   plen 24 (255.255.255.0)
Feb  2 10:48:08 cu-cs-vm NetworkManager[785]: <info>  [1517593688.5522]   gateway 192.168.149.2
Feb  2 10:48:08 cu-cs-vm NetworkManager[785]: <info>  [1517593688.5522]   server identifier 192.168.149.254
Feb  2 10:48:08 cu-cs-vm NetworkManager[785]: <info>  [1517593688.5522]   lease time 1800
Feb  2 10:48:08 cu-cs-vm NetworkManager[785]: <info>  [1517593688.5522]   nameserver '192.168.149.2'
Feb  2 10:48:08 cu-cs-vm NetworkManager[785]: <info>  [1517593688.5522]   domain name 'localdomain'
Feb  2 10:48:08 cu-cs-vm NetworkManager[785]: <info>  [1517593688.5522]   wins '192.168.149.2'
Feb  2 10:48:08 cu-cs-vm NetworkManager[785]: <info>  [1517593688.5522] dhcp4 (ens33): state changed unknown -> bound
Feb  2 10:48:08 cu-cs-vm dbus[749]: [system] Activating via systemd: service name='org.freedesktop.nm_dispatcher' unit='dbus-org.freedesktop.nm-dispatcher.service'
Feb  2 10:48:08 cu-cs-vm systemd[1]: Starting Network Manager Script Dispatcher Service...
Feb  2 10:48:08 cu-cs-vm dhclient[3310]: bound to 192.168.149.129 -- renewal in 780 seconds.
Feb  2 10:48:08 cu-cs-vm dbus[749]: [system] Successfully activated service 'org.freedesktop.nm_dispatcher'
Feb  2 10:48:08 cu-cs-vm systemd[1]: Started Network Manager Script Dispatcher Service.
Feb  2 10:48:08 cu-cs-vm nm-dispatcher: req:1 'dhcp4-change' [ens33]: new request (1 scripts)
Feb  2 10:48:08 cu-cs-vm nm-dispatcher: req:1 'dhcp4-change' [ens33]: start running ordered scripts...
Feb  2 10:48:38 cu-cs-vm kernel: [ 1003.235181] e1000: ens33 NIC Link is Down
Feb  2 10:48:38 cu-cs-vm NetworkManager[785]: <info>  [1517593718.9035] device (ens33): link disconnected (deferring action for 4 seconds)
Feb  2 10:48:42 cu-cs-vm NetworkManager[785]: <info>  [1517593722.7426] device (ens33): link disconnected (calling deferred action)
Feb  2 10:48:42 cu-cs-vm NetworkManager[785]: <info>  [1517593722.7432] device (ens33): state change: activated -> unavailable (reason 'carrier-changed') [100 20 40]
Feb  2 10:48:42 cu-cs-vm NetworkManager[785]: <info>  [1517593722.7618] dhcp4 (ens33): canceled DHCP transaction, DHCP client pid 3310
Feb  2 10:48:42 cu-cs-vm NetworkManager[785]: <info>  [1517593722.7619] dhcp4 (ens33): state changed bound -> done
Feb  2 10:48:42 cu-cs-vm avahi-daemon[803]: Withdrawing address record for 192.168.149.129 on ens33.
Feb  2 10:48:42 cu-cs-vm avahi-daemon[803]: Leaving mDNS multicast group on interface ens33.IPv4 with address 192.168.149.129.
Feb  2 10:48:42 cu-cs-vm NetworkManager[785]: <info>  [1517593722.7661] dns-mgr: Writing DNS information to /sbin/resolvconf
Feb  2 10:48:42 cu-cs-vm avahi-daemon[803]: Interface ens33.IPv4 no longer relevant for mDNS.
Feb  2 10:48:42 cu-cs-vm avahi-daemon[803]: Withdrawing address record for fe80::fd85:c231:cc31:376a on ens33.
Feb  2 10:48:42 cu-cs-vm avahi-daemon[803]: Leaving mDNS multicast group on interface ens33.IPv6 with address fe80::fd85:c231:cc31:376a.
Feb  2 10:48:42 cu-cs-vm dnsmasq[1145]: setting upstream servers from DBus
Feb  2 10:48:42 cu-cs-vm avahi-daemon[803]: Interface ens33.IPv6 no longer relevant for mDNS.
Feb  2 10:48:42 cu-cs-vm NetworkManager[785]: <info>  [1517593722.7950] manager: NetworkManager state is now CONNECTED_LOCAL
Feb  2 10:48:42 cu-cs-vm NetworkManager[785]: <info>  [1517593722.7952] manager: NetworkManager state is now DISCONNECTED
Feb  2 10:48:42 cu-cs-vm dbus[749]: [system] Activating via systemd: service name='org.freedesktop.nm_dispatcher' unit='dbus-org.freedesktop.nm-dispatcher.service'
Feb  2 10:48:42 cu-cs-vm systemd[1]: Starting Network Manager Script Dispatcher Service...
Feb  2 10:48:42 cu-cs-vm dbus[749]: [system] Successfully activated service 'org.freedesktop.nm_dispatcher'
Feb  2 10:48:42 cu-cs-vm systemd[1]: Started Network Manager Script Dispatcher Service.
Feb  2 10:48:42 cu-cs-vm nm-dispatcher: req:1 'down' [ens33]: new request (1 scripts)
Feb  2 10:48:42 cu-cs-vm nm-dispatcher: req:1 'down' [ens33]: start running ordered scripts...
Feb  2 10:48:42 cu-cs-vm kernel: [ 1007.267669] e1000: ens33 NIC Link is Up 1000 Mbps Full Duplex, Flow Control: None
Feb  2 10:48:42 cu-cs-vm NetworkManager[785]: <info>  [1517593722.9370] device (ens33): link connected
Feb  2 10:48:42 cu-cs-vm NetworkManager[785]: <info>  [1517593722.9375] device (ens33): state change: unavailable -> disconnected (reason 'carrier-changed') [20 30 40]
Feb  2 10:48:42 cu-cs-vm NetworkManager[785]: <info>  [1517593722.9417] policy: auto-activating connection 'Wired connection 1'
Feb  2 10:48:42 cu-cs-vm NetworkManager[785]: <info>  [1517593722.9423] device (ens33): Activation: starting connection 'Wired connection 1' (8b41e849-5803-3751-b8ff-b39912bb6033)
Feb  2 10:48:42 cu-cs-vm NetworkManager[785]: <info>  [1517593722.9424] device (ens33): state change: disconnected -> prepare (reason 'none') [30 40 0]
Feb  2 10:48:42 cu-cs-vm NetworkManager[785]: <info>  [1517593722.9425] manager: NetworkManager state is now CONNECTING
Feb  2 10:48:42 cu-cs-vm NetworkManager[785]: <info>  [1517593722.9427] device (ens33): state change: prepare -> config (reason 'none') [40 50 0]
Feb  2 10:48:42 cu-cs-vm NetworkManager[785]: <info>  [1517593722.9451] device (ens33): state change: config -> ip-config (reason 'none') [50 70 0]
Feb  2 10:48:42 cu-cs-vm NetworkManager[785]: <info>  [1517593722.9453] dhcp4 (ens33): activation: beginning transaction (timeout in 45 seconds)
Feb  2 10:48:42 cu-cs-vm NetworkManager[785]: <info>  [1517593722.9466] dhcp4 (ens33): dhclient started with pid 3377
Feb  2 10:48:42 cu-cs-vm dhclient[3377]: DHCPREQUEST of 192.168.149.129 on ens33 to 255.255.255.255 port 67 (xid=0xe91b34)
Feb  2 10:48:42 cu-cs-vm dhclient[3377]: DHCPACK of 192.168.149.129 from 192.168.149.254
Feb  2 10:48:42 cu-cs-vm NetworkManager[785]: <info>  [1517593722.9875]   address 192.168.149.129
Feb  2 10:48:42 cu-cs-vm NetworkManager[785]: <info>  [1517593722.9876]   plen 24 (255.255.255.0)
Feb  2 10:48:42 cu-cs-vm NetworkManager[785]: <info>  [1517593722.9876]   gateway 192.168.149.2
Feb  2 10:48:42 cu-cs-vm NetworkManager[785]: <info>  [1517593722.9876]   server identifier 192.168.149.254
Feb  2 10:48:42 cu-cs-vm NetworkManager[785]: <info>  [1517593722.9876]   lease time 1800
Feb  2 10:48:42 cu-cs-vm NetworkManager[785]: <info>  [1517593722.9876]   nameserver '192.168.149.2'
Feb  2 10:48:42 cu-cs-vm NetworkManager[785]: <info>  [1517593722.9876]   domain name 'localdomain'
Feb  2 10:48:42 cu-cs-vm NetworkManager[785]: <info>  [1517593722.9876]   wins '192.168.149.2'
Feb  2 10:48:42 cu-cs-vm NetworkManager[785]: <info>  [1517593722.9876] dhcp4 (ens33): state changed unknown -> bound
Feb  2 10:48:42 cu-cs-vm NetworkManager[785]: <info>  [1517593722.9884] device (ens33): state change: ip-config -> ip-check (reason 'none') [70 80 0]
Feb  2 10:48:42 cu-cs-vm avahi-daemon[803]: Joining mDNS multicast group on interface ens33.IPv4 with address 192.168.149.129.
Feb  2 10:48:42 cu-cs-vm NetworkManager[785]: <info>  [1517593722.9897] device (ens33): state change: ip-check -> secondaries (reason 'none') [80 90 0]
Feb  2 10:48:42 cu-cs-vm avahi-daemon[803]: New relevant interface ens33.IPv4 for mDNS.
Feb  2 10:48:42 cu-cs-vm NetworkManager[785]: <info>  [1517593722.9899] device (ens33): state change: secondaries -> activated (reason 'none') [90 100 0]
Feb  2 10:48:42 cu-cs-vm avahi-daemon[803]: Registering new address record for 192.168.149.129 on ens33.IPv4.
Feb  2 10:48:42 cu-cs-vm NetworkManager[785]: <info>  [1517593722.9900] manager: NetworkManager state is now CONNECTED_LOCAL
Feb  2 10:48:42 cu-cs-vm NetworkManager[785]: <info>  [1517593722.9904] manager: NetworkManager state is now CONNECTED_GLOBAL
Feb  2 10:48:42 cu-cs-vm NetworkManager[785]: <info>  [1517593722.9905] policy: set 'Wired connection 1' (ens33) as default for IPv4 routing and DNS
Feb  2 10:48:42 cu-cs-vm NetworkManager[785]: <info>  [1517593722.9907] dns-mgr: Writing DNS information to /sbin/resolvconf
Feb  2 10:48:42 cu-cs-vm dnsmasq[1145]: setting upstream servers from DBus
Feb  2 10:48:42 cu-cs-vm dnsmasq[1145]: using nameserver 192.168.149.2#53(via ens33)
Feb  2 10:48:42 cu-cs-vm dhclient[3377]: bound to 192.168.149.129 -- renewal in 796 seconds.
Feb  2 10:48:43 cu-cs-vm NetworkManager[785]: <info>  [1517593723.8166] device (ens33): Activation: successful, device activated.
Feb  2 10:48:43 cu-cs-vm nm-dispatcher: req:2 'up' [ens33]: new request (1 scripts)
Feb  2 10:48:43 cu-cs-vm nm-dispatcher: req:2 'up' [ens33]: start running ordered scripts...
Feb  2 10:48:43 cu-cs-vm systemd[1]: Reloading OpenBSD Secure Shell server.
Feb  2 10:48:43 cu-cs-vm systemd[1]: Reloaded OpenBSD Secure Shell server.
Feb  2 10:48:43 cu-cs-vm systemd[1]: Reloading OpenBSD Secure Shell server.
Feb  2 10:48:43 cu-cs-vm systemd[1]: Reloaded OpenBSD Secure Shell server.
Feb  2 10:48:44 cu-cs-vm avahi-daemon[803]: Joining mDNS multicast group on interface ens33.IPv6 with address fe80::fd85:c231:cc31:376a.
Feb  2 10:48:44 cu-cs-vm avahi-daemon[803]: New relevant interface ens33.IPv6 for mDNS.
Feb  2 10:48:44 cu-cs-vm avahi-daemon[803]: Registering new address record for fe80::fd85:c231:cc31:376a on ens33.*.
Feb  2 10:48:47 cu-cs-vm whoopsie[1462]: [10:48:47] offline
Feb  2 10:48:47 cu-cs-vm whoopsie[1462]: [10:48:47] The default IPv4 route is: /org/freedesktop/NetworkManager/ActiveConnection/2
Feb  2 10:48:47 cu-cs-vm whoopsie[1462]: [10:48:47] Not a paid data plan: /org/freedesktop/NetworkManager/ActiveConnection/2
Feb  2 10:48:47 cu-cs-vm whoopsie[1462]: [10:48:47] Found usable connection: /org/freedesktop/NetworkManager/ActiveConnection/2
Feb  2 10:48:47 cu-cs-vm whoopsie[1462]: [10:48:47] online
Feb  2 11:18:41 cu-cs-vm systemd[1]: Time has been changed
Feb  2 11:18:41 cu-cs-vm systemd[1004]: Time has been changed
Feb  2 11:19:30 cu-cs-vm uptimed: moving up to position 9: 0 days, 00:20:06
Feb  2 11:29:27 cu-cs-vm NetworkManager[785]: <info>  [1517596167.9938] dhcp4 (ens33): state changed bound -> expire
Feb  2 11:29:28 cu-cs-vm NetworkManager[785]: <info>  [1517596168.0293] dhcp4 (ens33): canceled DHCP transaction, DHCP client pid 3377
Feb  2 11:29:28 cu-cs-vm NetworkManager[785]: <info>  [1517596168.0298] dhcp4 (ens33): state changed expire -> done
Feb  2 11:29:28 cu-cs-vm NetworkManager[785]: <info>  [1517596168.0306] device (ens33): state change: activated -> failed (reason 'ip-config-expired') [100 120 6]
Feb  2 11:29:28 cu-cs-vm NetworkManager[785]: <info>  [1517596168.0310] manager: NetworkManager state is now CONNECTED_LOCAL
Feb  2 11:29:28 cu-cs-vm NetworkManager[785]: <info>  [1517596168.0317] manager: NetworkManager state is now DISCONNECTED
Feb  2 11:29:28 cu-cs-vm whoopsie[1462]: [11:29:28] offline
Feb  2 11:29:28 cu-cs-vm NetworkManager[785]: <warn>  [1517596168.0332] device (ens33): Activation: failed for connection 'Wired connection 1'
Feb  2 11:29:28 cu-cs-vm dbus[749]: [system] Activating via systemd: service name='org.freedesktop.nm_dispatcher' unit='dbus-org.freedesktop.nm-dispatcher.service'
Feb  2 11:29:28 cu-cs-vm NetworkManager[785]: <info>  [1517596168.0342] device (ens33): state change: failed -> disconnected (reason 'none') [120 30 0]
Feb  2 11:29:28 cu-cs-vm avahi-daemon[803]: Withdrawing address record for fe80::fd85:c231:cc31:376a on ens33.
Feb  2 11:29:28 cu-cs-vm avahi-daemon[803]: Leaving mDNS multicast group on interface ens33.IPv6 with address fe80::fd85:c231:cc31:376a.
Feb  2 11:29:28 cu-cs-vm avahi-daemon[803]: Interface ens33.IPv6 no longer relevant for mDNS.
Feb  2 11:29:28 cu-cs-vm systemd[1]: Starting Network Manager Script Dispatcher Service...
Feb  2 11:29:28 cu-cs-vm avahi-daemon[803]: Withdrawing address record for 192.168.149.129 on ens33.
Feb  2 11:29:28 cu-cs-vm avahi-daemon[803]: Leaving mDNS multicast group on interface ens33.IPv4 with address 192.168.149.129.
Feb  2 11:29:28 cu-cs-vm avahi-daemon[803]: Interface ens33.IPv4 no longer relevant for mDNS.
Feb  2 11:29:28 cu-cs-vm NetworkManager[785]: <info>  [1517596168.0512] dns-mgr: Writing DNS information to /sbin/resolvconf
Feb  2 11:29:28 cu-cs-vm dnsmasq[1145]: setting upstream servers from DBus
Feb  2 11:29:28 cu-cs-vm dbus[749]: [system] Successfully activated service 'org.freedesktop.nm_dispatcher'
Feb  2 11:29:28 cu-cs-vm systemd[1]: Started Network Manager Script Dispatcher Service.
Feb  2 11:29:28 cu-cs-vm nm-dispatcher: req:1 'down' [ens33]: new request (1 scripts)
Feb  2 11:29:28 cu-cs-vm nm-dispatcher: req:1 'down' [ens33]: start running ordered scripts...
Feb  2 11:29:28 cu-cs-vm NetworkManager[785]: <info>  [1517596168.1037] policy: auto-activating connection 'Wired connection 1'
Feb  2 11:29:28 cu-cs-vm NetworkManager[785]: <info>  [1517596168.1048] device (ens33): Activation: starting connection 'Wired connection 1' (8b41e849-5803-3751-b8ff-b39912bb6033)
Feb  2 11:29:28 cu-cs-vm NetworkManager[785]: <info>  [1517596168.1056] device (ens33): state change: disconnected -> prepare (reason 'none') [30 40 0]
Feb  2 11:29:28 cu-cs-vm NetworkManager[785]: <info>  [1517596168.1067] manager: NetworkManager state is now CONNECTING
Feb  2 11:29:28 cu-cs-vm NetworkManager[785]: <info>  [1517596168.1072] device (ens33): state change: prepare -> config (reason 'none') [40 50 0]
Feb  2 11:29:28 cu-cs-vm NetworkManager[785]: <info>  [1517596168.1109] device (ens33): state change: config -> ip-config (reason 'none') [50 70 0]
Feb  2 11:29:28 cu-cs-vm NetworkManager[785]: <info>  [1517596168.1116] dhcp4 (ens33): activation: beginning transaction (timeout in 45 seconds)
Feb  2 11:29:28 cu-cs-vm NetworkManager[785]: <info>  [1517596168.1192] dhcp4 (ens33): dhclient started with pid 9250
Feb  2 11:29:28 cu-cs-vm dhclient[9250]: DHCPDISCOVER on ens33 to 255.255.255.255 port 67 interval 3 (xid=0x8d4856e)
Feb  2 11:29:29 cu-cs-vm dhclient[9250]: DHCPREQUEST of 192.168.149.129 on ens33 to 255.255.255.255 port 67 (xid=0x6e85d408)
Feb  2 11:29:29 cu-cs-vm dhclient[9250]: DHCPOFFER of 192.168.149.129 from 192.168.149.254
Feb  2 11:29:29 cu-cs-vm dhclient[9250]: DHCPACK of 192.168.149.129 from 192.168.149.254
Feb  2 11:29:29 cu-cs-vm NetworkManager[785]: <info>  [1517596169.1573]   address 192.168.149.129
Feb  2 11:29:29 cu-cs-vm NetworkManager[785]: <info>  [1517596169.1573]   plen 24 (255.255.255.0)
Feb  2 11:29:29 cu-cs-vm NetworkManager[785]: <info>  [1517596169.1573]   gateway 192.168.149.2
Feb  2 11:29:29 cu-cs-vm NetworkManager[785]: <info>  [1517596169.1573]   server identifier 192.168.149.254
Feb  2 11:29:29 cu-cs-vm NetworkManager[785]: <info>  [1517596169.1573]   lease time 1800
Feb  2 11:29:29 cu-cs-vm NetworkManager[785]: <info>  [1517596169.1573]   nameserver '192.168.149.2'
Feb  2 11:29:29 cu-cs-vm NetworkManager[785]: <info>  [1517596169.1573]   domain name 'localdomain'
Feb  2 11:29:29 cu-cs-vm NetworkManager[785]: <info>  [1517596169.1574]   wins '192.168.149.2'
Feb  2 11:29:29 cu-cs-vm NetworkManager[785]: <info>  [1517596169.1574] dhcp4 (ens33): state changed unknown -> bound
Feb  2 11:29:29 cu-cs-vm avahi-daemon[803]: Joining mDNS multicast group on interface ens33.IPv4 with address 192.168.149.129.
Feb  2 11:29:29 cu-cs-vm avahi-daemon[803]: New relevant interface ens33.IPv4 for mDNS.
Feb  2 11:29:29 cu-cs-vm avahi-daemon[803]: Registering new address record for 192.168.149.129 on ens33.IPv4.
Feb  2 11:29:29 cu-cs-vm dhclient[9250]: bound to 192.168.149.129 -- renewal in 802 seconds.
Feb  2 11:29:29 cu-cs-vm NetworkManager[785]: <info>  [1517596169.1633] device (ens33): state change: ip-config -> ip-check (reason 'none') [70 80 0]
Feb  2 11:29:29 cu-cs-vm NetworkManager[785]: <info>  [1517596169.1653] device (ens33): state change: ip-check -> secondaries (reason 'none') [80 90 0]
Feb  2 11:29:29 cu-cs-vm NetworkManager[785]: <info>  [1517596169.1679] device (ens33): state change: secondaries -> activated (reason 'none') [90 100 0]
Feb  2 11:29:29 cu-cs-vm NetworkManager[785]: <info>  [1517596169.1696] manager: NetworkManager state is now CONNECTED_LOCAL
Feb  2 11:29:29 cu-cs-vm NetworkManager[785]: <info>  [1517596169.1742] manager: NetworkManager state is now CONNECTED_GLOBAL
Feb  2 11:29:29 cu-cs-vm NetworkManager[785]: <info>  [1517596169.1755] policy: set 'Wired connection 1' (ens33) as default for IPv4 routing and DNS
Feb  2 11:29:29 cu-cs-vm NetworkManager[785]: <info>  [1517596169.1763] dns-mgr: Writing DNS information to /sbin/resolvconf
Feb  2 11:29:29 cu-cs-vm dnsmasq[1145]: setting upstream servers from DBus
Feb  2 11:29:29 cu-cs-vm dnsmasq[1145]: using nameserver 192.168.149.2#53(via ens33)
Feb  2 11:29:29 cu-cs-vm NetworkManager[785]: <info>  [1517596169.2519] device (ens33): Activation: successful, device activated.
Feb  2 11:29:29 cu-cs-vm nm-dispatcher: req:2 'up' [ens33]: new request (1 scripts)
Feb  2 11:29:29 cu-cs-vm nm-dispatcher: req:2 'up' [ens33]: start running ordered scripts...
Feb  2 11:29:29 cu-cs-vm systemd[1]: Reloading OpenBSD Secure Shell server.
Feb  2 11:29:29 cu-cs-vm systemd[1]: Reloaded OpenBSD Secure Shell server.
Feb  2 11:29:29 cu-cs-vm systemd[1]: Reloading OpenBSD Secure Shell server.
Feb  2 11:29:29 cu-cs-vm systemd[1]: Reloaded OpenBSD Secure Shell server.
Feb  2 11:29:29 cu-cs-vm avahi-daemon[803]: Joining mDNS multicast group on interface ens33.IPv6 with address fe80::fd85:c231:cc31:376a.
Feb  2 11:29:29 cu-cs-vm avahi-daemon[803]: New relevant interface ens33.IPv6 for mDNS.
Feb  2 11:29:29 cu-cs-vm avahi-daemon[803]: Registering new address record for fe80::fd85:c231:cc31:376a on ens33.*.
Feb  2 11:29:30 cu-cs-vm uptimed: moving up to position 8: 0 days, 00:30:06
Feb  2 11:29:33 cu-cs-vm whoopsie[1462]: [11:29:33] The default IPv4 route is: /org/freedesktop/NetworkManager/ActiveConnection/3
Feb  2 11:29:33 cu-cs-vm whoopsie[1462]: [11:29:33] Not a paid data plan: /org/freedesktop/NetworkManager/ActiveConnection/3
Feb  2 11:29:33 cu-cs-vm whoopsie[1462]: [11:29:33] Found usable connection: /org/freedesktop/NetworkManager/ActiveConnection/3
Feb  2 11:29:33 cu-cs-vm whoopsie[1462]: [11:29:33] online
Feb  2 11:34:40 cu-cs-vm systemd[1]: Stopping RealtimeKit Scheduling Policy Service...
Feb  2 11:34:40 cu-cs-vm systemd[1]: Stopping Disk Manager...
Feb  2 11:34:40 cu-cs-vm systemd[1]: Stopped target Timers.
Feb  2 11:34:40 cu-cs-vm systemd[1]: Stopped Daily apt upgrade and clean activities.
Feb  2 11:34:40 cu-cs-vm systemd[1]: Stopped Daily apt download activities.
Feb  2 11:34:40 cu-cs-vm systemd[1]: Stopping User Manager for UID 1000...
Feb  2 11:34:40 cu-cs-vm systemd[1]: Stopped Timer to automatically refresh installed snaps.
Feb  2 11:34:40 cu-cs-vm systemd[1]: Closed Load/Save RF Kill Switch Status /dev/rfkill Watch.
Feb  2 11:34:40 cu-cs-vm systemd[1]: Stopped Daily Cleanup of Temporary Directories.
Feb  2 11:34:40 cu-cs-vm systemd[1]: Stopped target System Time Synchronized.
Feb  2 11:34:40 cu-cs-vm rsyslogd: [origin software="rsyslogd" swVersion="8.16.0" x-pid="793" x-info="http://www.rsyslog.com"] exiting on signal 15.
Feb  2 11:34:50 cu-cs-vm rsyslogd: [origin software="rsyslogd" swVersion="8.16.0" x-pid="795" x-info="http://www.rsyslog.com"] start
Feb  2 11:34:50 cu-cs-vm rsyslogd-2222: command 'KLogPermitNonKernelFacility' is currently not permitted - did you already set it via a RainerScript command (v6+ config)? [v8.16.0 try http://www.rsyslog.com/e/2222 ]
Feb  2 11:34:50 cu-cs-vm rsyslogd: rsyslogd's groupid changed to 108
Feb  2 11:34:50 cu-cs-vm rsyslogd: rsyslogd's userid changed to 104
Feb  2 11:34:50 cu-cs-vm systemd-modules-load[355]: Inserted module 'lp'
Feb  2 11:34:50 cu-cs-vm systemd-modules-load[355]: Inserted module 'ppdev'
Feb  2 11:34:50 cu-cs-vm systemd-modules-load[355]: Inserted module 'parport_pc'
Feb  2 11:34:50 cu-cs-vm systemd[1]: Started Load Kernel Modules.
Feb  2 11:34:50 cu-cs-vm systemd[1]: Mounting Configuration File System...
Feb  2 11:34:50 cu-cs-vm systemd[1]: Mounting FUSE Control File System...
Feb  2 11:34:50 cu-cs-vm systemd[1]: Starting Apply Kernel Variables...
Feb  2 11:34:50 cu-cs-vm systemd[1]: Starting Create Static Device Nodes in /dev...
Feb  2 11:34:50 cu-cs-vm systemd[1]: Mounted FUSE Control File System.
Feb  2 11:34:50 cu-cs-vm systemd[1]: Mounted Configuration File System.
Feb  2 11:34:50 cu-cs-vm systemd[1]: Started Nameserver information manager.
Feb  2 11:34:50 cu-cs-vm systemd[1]: Started Apply Kernel Variables.
Feb  2 11:34:50 cu-cs-vm systemd[1]: Reached target Network (Pre).
Feb  2 11:34:50 cu-cs-vm loadkeys[347]: Loading /etc/console-setup/cached.kmap.gz
Feb  2 11:34:50 cu-cs-vm systemd[1]: Started Set console keymap.
Feb  2 11:34:50 cu-cs-vm systemd[1]: Started Create Static Device Nodes in /dev.
Feb  2 11:34:50 cu-cs-vm systemd[1]: Starting udev Kernel Device Manager...
Feb  2 11:34:50 cu-cs-vm systemd[1]: Started udev Kernel Device Manager.
Feb  2 11:34:50 cu-cs-vm systemd[1]: Starting Remount Root and Kernel File Systems...
Feb  2 11:34:50 cu-cs-vm systemd[1]: Started Remount Root and Kernel File Systems.
Feb  2 11:34:50 cu-cs-vm systemd[1]: Reached target Local File Systems (Pre).
Feb  2 11:34:50 cu-cs-vm systemd[1]: Starting Flush Journal to Persistent Storage...
Feb  2 11:34:50 cu-cs-vm systemd[1]: Starting Load/Save Random Seed...
Feb  2 11:34:50 cu-cs-vm systemd[1]: Starting udev Coldplug all Devices...
Feb  2 11:34:50 cu-cs-vm systemd[1]: Started Flush Journal to Persistent Storage.
Feb  2 11:34:50 cu-cs-vm systemd[1]: Started Load/Save Random Seed.
Feb  2 11:34:50 cu-cs-vm systemd[1]: Started udev Coldplug all Devices.
Feb  2 11:34:50 cu-cs-vm systemd[1]: Started Dispatch Password Requests to Console Directory Watch.
Feb  2 11:34:50 cu-cs-vm mtp-probe: checking bus 2, device 2: "/sys/devices/pci0000:00/0000:00:11.0/0000:02:00.0/usb2/2-1"
Feb  2 11:34:50 cu-cs-vm mtp-probe: bus: 2, device: 2 was not an MTP device
Feb  2 11:34:50 cu-cs-vm mtp-probe: checking bus 1, device 2: "/sys/devices/pci0000:00/0000:00:11.0/0000:02:02.0/usb1/1-1"
Feb  2 11:34:50 cu-cs-vm mtp-probe: bus: 1, device: 2 was not an MTP device
Feb  2 11:34:50 cu-cs-vm systemd[1]: Listening on Load/Save RF Kill Switch Status /dev/rfkill Watch.
Feb  2 11:34:50 cu-cs-vm systemd[1]: Found device VMware_Virtual_SATA_Hard_Drive 1.
Feb  2 11:34:50 cu-cs-vm systemd[1]: Starting File System Check on /dev/disk/by-uuid/bb1213fd-aa15-420b-8d34-682b907abadc...
Feb  2 11:34:50 cu-cs-vm systemd[1]: Started File System Check Daemon to report status.
Feb  2 11:34:50 cu-cs-vm systemd[1]: Started File System Check on /dev/disk/by-uuid/bb1213fd-aa15-420b-8d34-682b907abadc.
Feb  2 11:34:50 cu-cs-vm systemd[1]: Mounting /home...
Feb  2 11:34:50 cu-cs-vm systemd[1]: Mounted /home.
Feb  2 11:34:50 cu-cs-vm systemd[1]: Reached target Local File Systems.
Feb  2 11:34:50 cu-cs-vm systemd[1]: Starting Create Volatile Files and Directories...
Feb  2 11:34:50 cu-cs-vm systemd[1]: Starting Enable support for additional executable binary formats...
Feb  2 11:34:50 cu-cs-vm systemd[1]: Starting LSB: AppArmor initialization...
Feb  2 11:34:50 cu-cs-vm systemd-tmpfiles[597]: [/usr/lib/tmpfiles.d/var.conf:14] Duplicate line for path "/var/log", ignoring.
Feb  2 11:34:50 cu-cs-vm systemd[1]: Starting Tell Plymouth To Write Out Runtime Data...
Feb  2 11:34:50 cu-cs-vm systemd[1]: Starting Set console font and keymap...
Feb  2 11:34:50 cu-cs-vm systemd[1]: Started Create Volatile Files and Directories.
Feb  2 11:34:50 cu-cs-vm systemd[1]: Starting Network Time Synchronization...
Feb  2 11:34:50 cu-cs-vm systemd[1]: Starting Update UTMP about System Boot/Shutdown...
Feb  2 11:34:50 cu-cs-vm systemd[1]: Started Tell Plymouth To Write Out Runtime Data.
Feb  2 11:34:50 cu-cs-vm systemd[1]: Started Update UTMP about System Boot/Shutdown.
Feb  2 11:34:50 cu-cs-vm systemd[1]: proc-sys-fs-binfmt_misc.automount: Got automount request for /proc/sys/fs/binfmt_misc, triggered by 598 (update-binfmts)
Feb  2 11:34:50 cu-cs-vm systemd[1]: Mounting Arbitrary Executable File Formats File System...
Feb  2 11:34:50 cu-cs-vm systemd[1]: Started Network Time Synchronization.
Feb  2 11:34:50 cu-cs-vm systemd[1]: Reached target System Time Synchronized.
Feb  2 11:34:50 cu-cs-vm systemd[1]: Mounted Arbitrary Executable File Formats File System.
Feb  2 11:34:50 cu-cs-vm systemd[1]: Started Enable support for additional executable binary formats.
Feb  2 11:34:50 cu-cs-vm apparmor[599]:  * Starting AppArmor profiles
Feb  2 11:34:50 cu-cs-vm systemd[1]: Started Set console font and keymap.
Feb  2 11:34:50 cu-cs-vm systemd[1]: Created slice system-getty.slice.
Feb  2 11:34:50 cu-cs-vm apparmor[599]: Skipping profile in /etc/apparmor.d/disable: usr.bin.firefox
Feb  2 11:34:50 cu-cs-vm apparmor[599]: Skipping profile in /etc/apparmor.d/disable: usr.sbin.rsyslogd
Feb  2 11:34:50 cu-cs-vm apparmor[599]:    ...done.
Feb  2 11:34:50 cu-cs-vm systemd[1]: Started LSB: AppArmor initialization.
Feb  2 11:34:50 cu-cs-vm systemd[1]: Starting Raise network interfaces...
Feb  2 11:34:50 cu-cs-vm systemd[1]: Reached target System Initialization.
Feb  2 11:34:50 cu-cs-vm systemd[1]: Starting Socket activation for snappy daemon.
Feb  2 11:34:50 cu-cs-vm systemd[1]: Started Daily Cleanup of Temporary Directories.
Feb  2 11:34:50 cu-cs-vm systemd[1]: Listening on Avahi mDNS/DNS-SD Stack Activation Socket.
Feb  2 11:34:50 cu-cs-vm systemd[1]: Started Timer to automatically refresh installed snaps.
Feb  2 11:34:50 cu-cs-vm systemd[1]: Started ACPI Events Check.
Feb  2 11:34:50 cu-cs-vm systemd[1]: Listening on UUID daemon activation socket.
Feb  2 11:34:50 cu-cs-vm systemd[1]: Started CUPS Scheduler.
Feb  2 11:34:50 cu-cs-vm systemd[1]: Reached target Paths.
Feb  2 11:34:50 cu-cs-vm systemd[1]: Listening on D-Bus System Message Bus Socket.
Feb  2 11:34:50 cu-cs-vm systemd[1]: Listening on ACPID Listen Socket.
Feb  2 11:34:50 cu-cs-vm systemd[1]: Listening on CUPS Scheduler.
Feb  2 11:34:50 cu-cs-vm systemd[1]: Listening on Socket activation for snappy daemon.
Feb  2 11:34:50 cu-cs-vm systemd[1]: Reached target Sockets.
Feb  2 11:34:50 cu-cs-vm systemd[1]: Reached target Basic System.
Feb  2 11:34:50 cu-cs-vm systemd[1]: Started Service for virtual machines hosted on VMware.
Feb  2 11:34:50 cu-cs-vm systemd[1]: Starting LSB: Execute the kexec -e command to reboot system...
Feb  2 11:34:50 cu-cs-vm systemd[1]: Starting LSB: Set the CPU Frequency Scaling governor to "ondemand"...
Feb  2 11:34:50 cu-cs-vm systemd[1]: Started ACPI event daemon.
Feb  2 11:34:50 cu-cs-vm systemd[1]: Started CUPS Scheduler.
Feb  2 11:34:50 cu-cs-vm systemd[1]: Starting Thermal Daemon Service...
Feb  2 11:34:50 cu-cs-vm systemd[1]: Starting Detect the available GPUs and deal with any system changes...
Feb  2 11:34:50 cu-cs-vm systemd[1]: Started Run anacron jobs.
Feb  2 11:34:50 cu-cs-vm systemd[1]: Starting LSB: Speech Dispatcher...
Feb  2 11:34:50 cu-cs-vm systemd[1]: Started D-Bus System Message Bus.
Feb  2 11:34:50 cu-cs-vm anacron[742]: Anacron 2.3 started on 2018-02-02
Feb  2 11:34:50 cu-cs-vm anacron[742]: Normal exit (0 jobs run)
Feb  2 11:34:50 cu-cs-vm gpu-manager[741]: /etc/modprobe.d is not a file
Feb  2 11:34:50 cu-cs-vm gpu-manager[741]: message repeated 4 times: [ /etc/modprobe.d is not a file]
Feb  2 11:34:50 cu-cs-vm acpid: starting up with netlink and the input layer
Feb  2 11:34:50 cu-cs-vm dbus[746]: [system] AppArmor D-Bus mediation is enabled
Feb  2 11:34:50 cu-cs-vm thermald[740]: NO RAPL sysfs present
Feb  2 11:34:50 cu-cs-vm thermald[740]: 20 CPUID levels; family:model:stepping 0x6:3d:4 (6:61:4)
Feb  2 11:34:50 cu-cs-vm thermald[740]: Polling mode is enabled: 4
Feb  2 11:34:50 cu-cs-vm thermald[740]: Thermal DTS: No coretemp sysfs found
Feb  2 11:34:50 cu-cs-vm thermald[740]: Thermal DTS or hwmon: No Zones present Need to configure manually
Feb  2 11:34:50 cu-cs-vm thermald[740]: No thermal sensors found
Feb  2 11:34:50 cu-cs-vm thermald[740]: THD engine start failed
Feb  2 11:34:50 cu-cs-vm systemd[1]: Starting Login Service...
Feb  2 11:34:50 cu-cs-vm systemd[1]: Starting LSB: daemon to balance interrupts for SMP systems...
Feb  2 11:34:50 cu-cs-vm systemd[1]: Starting Permit User Sessions...
Feb  2 11:34:50 cu-cs-vm systemd[1]: Starting System Logging Service...
Feb  2 11:34:50 cu-cs-vm systemd[1]: Starting LSB: automatic crash report generation...
Feb  2 11:34:50 cu-cs-vm systemd[1]: Starting Snappy daemon...
Feb  2 11:34:50 cu-cs-vm systemd[1]: Starting Avahi mDNS/DNS-SD Stack...
Feb  2 11:34:50 cu-cs-vm systemd[1]: Starting LSB: Record successful boot for GRUB...
Feb  2 11:34:50 cu-cs-vm systemd[1]: Started Regular background program processing daemon.
Feb  2 11:34:50 cu-cs-vm systemd[1]: Starting Restore /etc/resolv.conf if the system crashed before the ppp link was shut down...
Feb  2 11:34:50 cu-cs-vm systemd[1]: Starting Modem Manager...
Feb  2 11:34:50 cu-cs-vm systemd[1]: Started uptime record daemon.
Feb  2 11:34:50 cu-cs-vm systemd[1]: Starting Network Manager...
Feb  2 11:34:50 cu-cs-vm systemd[1]: Starting Initialize hardware monitoring sensors...
Feb  2 11:34:50 cu-cs-vm systemd[1]: Starting Accounts Service...
Feb  2 11:34:50 cu-cs-vm systemd[1]: Started Thermal Daemon Service.
Feb  2 11:34:50 cu-cs-vm systemd[1]: Started LSB: Execute the kexec -e command to reboot system.
Feb  2 11:34:50 cu-cs-vm speech-dispatcher[745]:  * speech-dispatcher disabled; edit /etc/default/speech-dispatcher
Feb  2 11:34:50 cu-cs-vm systemd[1]: Started LSB: Speech Dispatcher.
Feb  2 11:34:50 cu-cs-vm systemd[1]: Started Restore /etc/resolv.conf if the system crashed before the ppp link was shut down.
Feb  2 11:34:50 cu-cs-vm systemd[1]: Starting LSB: Load kernel image with kexec...
Feb  2 11:34:50 cu-cs-vm acpid: 9 rules loaded
Feb  2 11:34:50 cu-cs-vm acpid: waiting for events: event logging is off
Feb  2 11:34:50 cu-cs-vm systemd[1]: Started LSB: Load kernel image with kexec.
Feb  2 11:34:50 cu-cs-vm systemd[1]: Started Permit User Sessions.
Feb  2 11:34:50 cu-cs-vm systemd[1]: Started Login Service.
Feb  2 11:34:50 cu-cs-vm systemd[1]: Started Raise network interfaces.
Feb  2 11:34:50 cu-cs-vm apport[796]:  * Starting automatic crash report generation: apport
Feb  2 11:34:50 cu-cs-vm cron[801]: (CRON) INFO (pidfile fd = 3)
Feb  2 11:34:50 cu-cs-vm cron[801]: (CRON) INFO (Running @reboot jobs)
Feb  2 11:34:50 cu-cs-vm ModemManager[803]: <info>  ModemManager (version 1.4.12) starting in system bus...
Feb  2 11:34:50 cu-cs-vm dbus[746]: [system] Activating via systemd: service name='org.freedesktop.PolicyKit1' unit='polkitd.service'
Feb  2 11:34:50 cu-cs-vm systemd[1]: Starting Authenticate and Authorize Users to Run Privileged Tasks...
Feb  2 11:34:50 cu-cs-vm avahi-daemon[798]: Found user 'avahi' (UID 111) and group 'avahi' (GID 120).
Feb  2 11:34:50 cu-cs-vm avahi-daemon[798]: Successfully dropped root privileges.
Feb  2 11:34:50 cu-cs-vm avahi-daemon[798]: avahi-daemon 0.6.32-rc starting up.
Feb  2 11:34:50 cu-cs-vm avahi-daemon[798]: Successfully called chroot().
Feb  2 11:34:50 cu-cs-vm avahi-daemon[798]: Successfully dropped remaining capabilities.
Feb  2 11:34:50 cu-cs-vm avahi-daemon[798]: No service file found in /etc/avahi/services.
Feb  2 11:34:50 cu-cs-vm avahi-daemon[798]: Network interface enumeration completed.
Feb  2 11:34:50 cu-cs-vm avahi-daemon[798]: Server startup complete. Host name is cu-cs-vm.local. Local service cookie is 3357678651.
Feb  2 11:34:50 cu-cs-vm systemd[1]: Started Avahi mDNS/DNS-SD Stack.
Feb  2 11:34:50 cu-cs-vm systemd[1]: Started Make remote CUPS printers available locally.
Feb  2 11:34:50 cu-cs-vm apport[796]:    ...done.
Feb  2 11:34:50 cu-cs-vm systemd[1]: Started LSB: automatic crash report generation.
Feb  2 11:34:50 cu-cs-vm gpu-manager[741]: update-alternatives: error: no alternatives for x86_64-linux-gnu_gfxcore_conf
Feb  2 11:34:50 cu-cs-vm systemd[1]: Started Detect the available GPUs and deal with any system changes.
Feb  2 11:34:50 cu-cs-vm systemd[1]: Started LSB: Set the CPU Frequency Scaling governor to "ondemand".
Feb  2 11:34:50 cu-cs-vm sensors[806]: No sensors found!
Feb  2 11:34:50 cu-cs-vm sensors[806]: Make sure you loaded all the kernel drivers you need.
Feb  2 11:34:50 cu-cs-vm sensors[806]: Try sensors-detect to find out which these are.
Feb  2 11:34:50 cu-cs-vm systemd[1]: Starting Light Display Manager...
Feb  2 11:34:50 cu-cs-vm systemd[1]: Started LSB: Record successful boot for GRUB.
Feb  2 11:34:50 cu-cs-vm kernel: [    0.000000] random: get_random_bytes called from start_kernel+0x42/0x504 with crng_init=0
Feb  2 11:34:50 cu-cs-vm kernel: [    0.000000] Linux version 4.13.0-32-generic (buildd@lgw01-amd64-004) (gcc version 5.4.0 20160609 (Ubuntu 5.4.0-6ubuntu1~16.04.5)) #35~16.04.1-Ubuntu SMP Thu Jan 25 10:13:43 UTC 2018 (Ubuntu 4.13.0-32.35~16.04.1-generic 4.13.13)
Feb  2 11:34:50 cu-cs-vm kernel: [    0.000000] Command line: BOOT_IMAGE=/@/boot/vmlinuz-4.13.13revision4 root=UUID=bb1213fd-aa15-420b-8d34-682b907abadc ro rootflags=subvol=@ crashkernel=384M-2G:128M,2G-:256M
Feb  2 11:34:50 cu-cs-vm kernel: [    0.000000] KERNEL supported cpus:
Feb  2 11:34:50 cu-cs-vm kernel: [    0.000000]   Intel GenuineIntel
Feb  2 11:34:50 cu-cs-vm kernel: [    0.000000]   AMD AuthenticAMD
Feb  2 11:34:50 cu-cs-vm kernel: [    0.000000]   Centaur CentaurHauls
Feb  2 11:34:50 cu-cs-vm kernel: [    0.000000] Disabled fast string operations
Feb  2 11:34:50 cu-cs-vm kernel: [    0.000000] x86/fpu: Supporting XSAVE feature 0x001: 'x87 floating point registers'
Feb  2 11:34:50 cu-cs-vm kernel: [    0.000000] x86/fpu: Supporting XSAVE feature 0x002: 'SSE registers'
Feb  2 11:34:50 cu-cs-vm kernel: [    0.000000] x86/fpu: Supporting XSAVE feature 0x004: 'AVX registers'
Feb  2 11:34:50 cu-cs-vm kernel: [    0.000000] x86/fpu: xstate_offset[2]:  576, xstate_sizes[2]:  256
Feb  2 11:34:50 cu-cs-vm kernel: [    0.000000] x86/fpu: Enabled xstate features 0x7, context size is 832 bytes, using 'standard' format.
Feb  2 11:34:50 cu-cs-vm kernel: [    0.000000] e820: BIOS-provided physical RAM map:
Feb  2 11:34:50 cu-cs-vm kernel: [    0.000000] BIOS-e820: [mem 0x0000000000000100-0x000000000009e7ff] usable
Feb  2 11:34:50 cu-cs-vm kernel: [    0.000000] BIOS-e820: [mem 0x000000000009e800-0x000000000009ffff] reserved
Feb  2 11:34:50 cu-cs-vm kernel: [    0.000000] BIOS-e820: [mem 0x00000000000dc000-0x00000000000fffff] reserved
Feb  2 11:34:50 cu-cs-vm kernel: [    0.000000] BIOS-e820: [mem 0x0000000000100000-0x000000007fedffff] usable
Feb  2 11:34:50 cu-cs-vm kernel: [    0.000000] BIOS-e820: [mem 0x000000007fee0000-0x000000007fefefff] ACPI data
Feb  2 11:34:50 cu-cs-vm kernel: [    0.000000] BIOS-e820: [mem 0x000000007feff000-0x000000007fefffff] ACPI NVS
Feb  2 11:34:50 cu-cs-vm kernel: [    0.000000] BIOS-e820: [mem 0x000000007ff00000-0x000000007fffffff] usable
Feb  2 11:34:50 cu-cs-vm kernel: [    0.000000] BIOS-e820: [mem 0x00000000f0000000-0x00000000f7ffffff] reserved
Feb  2 11:34:50 cu-cs-vm kernel: [    0.000000] BIOS-e820: [mem 0x00000000fec00000-0x00000000fec0ffff] reserved
Feb  2 11:34:50 cu-cs-vm kernel: [    0.000000] BIOS-e820: [mem 0x00000000fee00000-0x00000000fee00fff] reserved
Feb  2 11:34:50 cu-cs-vm kernel: [    0.000000] BIOS-e820: [mem 0x00000000fffe0000-0x00000000ffffffff] reserved
Feb  2 11:34:50 cu-cs-vm kernel: [    0.000000] NX (Execute Disable) protection: active
Feb  2 11:34:50 cu-cs-vm kernel: [    0.000000] random: fast init done
Feb  2 11:34:50 cu-cs-vm kernel: [    0.000000] SMBIOS 2.7 present.
Feb  2 11:34:50 cu-cs-vm kernel: [    0.000000] DMI: VMware, Inc. VMware Virtual Platform/440BX Desktop Reference Platform, BIOS 6.00 05/19/2017
Feb  2 11:34:50 cu-cs-vm kernel: [    0.000000] Hypervisor detected: VMware
Feb  2 11:34:50 cu-cs-vm kernel: [    0.000000] vmware: TSC freq read from hypervisor : 2899.762 MHz
Feb  2 11:34:50 cu-cs-vm kernel: [    0.000000] vmware: Host bus clock speed read from hypervisor : 66000000 Hz
Feb  2 11:34:50 cu-cs-vm kernel: [    0.000000] vmware: using sched offset of 2131572602283 ns
Feb  2 11:34:50 cu-cs-vm kernel: [    0.000000] e820: update [mem 0x00000000-0x00000fff] usable ==> reserved
Feb  2 11:34:50 cu-cs-vm kernel: [    0.000000] e820: remove [mem 0x000a0000-0x000fffff] usable
Feb  2 11:34:50 cu-cs-vm kernel: [    0.000000] e820: last_pfn = 0x80000 max_arch_pfn = 0x400000000
Feb  2 11:34:50 cu-cs-vm kernel: [    0.000000] MTRR default type: uncachable
Feb  2 11:34:50 cu-cs-vm kernel: [    0.000000] MTRR fixed ranges enabled:
Feb  2 11:34:50 cu-cs-vm kernel: [    0.000000]   00000-9FFFF write-back
Feb  2 11:34:50 cu-cs-vm kernel: [    0.000000]   A0000-BFFFF uncachable
Feb  2 11:34:50 cu-cs-vm kernel: [    0.000000]   C0000-CBFFF write-protect
Feb  2 11:34:50 cu-cs-vm kernel: [    0.000000]   CC000-EFFFF uncachable
Feb  2 11:34:50 cu-cs-vm kernel: [    0.000000]   F0000-FFFFF write-protect
Feb  2 11:34:50 cu-cs-vm kernel: [    0.000000] MTRR variable ranges enabled:
Feb  2 11:34:50 cu-cs-vm kernel: [    0.000000]   0 base 00000000000 mask 3FF80000000 write-back
Feb  2 11:34:50 cu-cs-vm kernel: [    0.000000]   1 base 00080000000 mask 3FFC0000000 write-back
Feb  2 11:34:50 cu-cs-vm kernel: [    0.000000]   2 disabled
Feb  2 11:34:50 cu-cs-vm kernel: [    0.000000]   3 disabled
Feb  2 11:34:50 cu-cs-vm kernel: [    0.000000]   4 disabled
Feb  2 11:34:50 cu-cs-vm kernel: [    0.000000]   5 disabled
Feb  2 11:34:50 cu-cs-vm kernel: [    0.000000]   6 disabled
Feb  2 11:34:50 cu-cs-vm kernel: [    0.000000]   7 disabled
Feb  2 11:34:50 cu-cs-vm kernel: [    0.000000] x86/PAT: Configuration [0-7]: WB  WC  UC- UC  WB  WC  UC- WT  
Feb  2 11:34:50 cu-cs-vm kernel: [    0.000000] x2apic: enabled by BIOS, switching to x2apic ops
Feb  2 11:34:50 cu-cs-vm kernel: [    0.000000] found SMP MP-table at [mem 0x000f6a80-0x000f6a8f] mapped at [ffff8cfd000f6a80]
Feb  2 11:34:50 cu-cs-vm kernel: [    0.000000] Scanning 1 areas for low memory corruption
Feb  2 11:34:50 cu-cs-vm kernel: [    0.000000] Base memory trampoline at [ffff8cfd00098000] 98000 size 24576
Feb  2 11:34:50 cu-cs-vm kernel: [    0.000000] Using GB pages for direct mapping
Feb  2 11:34:50 cu-cs-vm kernel: [    0.000000] BRK [0x5212b000, 0x5212bfff] PGTABLE
Feb  2 11:34:50 cu-cs-vm kernel: [    0.000000] BRK [0x5212c000, 0x5212cfff] PGTABLE
Feb  2 11:34:50 cu-cs-vm kernel: [    0.000000] BRK [0x5212d000, 0x5212dfff] PGTABLE
Feb  2 11:34:50 cu-cs-vm kernel: [    0.000000] BRK [0x5212e000, 0x5212efff] PGTABLE
Feb  2 11:34:50 cu-cs-vm kernel: [    0.000000] BRK [0x5212f000, 0x5212ffff] PGTABLE
Feb  2 11:34:50 cu-cs-vm kernel: [    0.000000] BRK [0x52130000, 0x52130fff] PGTABLE
Feb  2 11:34:50 cu-cs-vm kernel: [    0.000000] RAMDISK: [mem 0x7b2da000-0x7e1fffff]
Feb  2 11:34:50 cu-cs-vm kernel: [    0.000000] ACPI: Early table checksum verification disabled
Feb  2 11:34:50 cu-cs-vm kernel: [    0.000000] ACPI: RSDP 0x00000000000F6A10 000024 (v02 PTLTD )
Feb  2 11:34:50 cu-cs-vm kernel: [    0.000000] ACPI: XSDT 0x000000007FEEA69F 000054 (v01 INTEL  440BX    06040000 VMW  01324272)
Feb  2 11:34:50 cu-cs-vm kernel: [    0.000000] ACPI: FACP 0x000000007FEFEE73 0000F4 (v04 INTEL  440BX    06040000 PTL  000F4240)
Feb  2 11:34:50 cu-cs-vm kernel: [    0.000000] ACPI: DSDT 0x000000007FEEBE8F 012FE4 (v01 PTLTD  Custom   06040000 MSFT 03000001)
Feb  2 11:34:50 cu-cs-vm kernel: [    0.000000] ACPI: FACS 0x000000007FEFFFC0 000040
Feb  2 11:34:50 cu-cs-vm kernel: [    0.000000] ACPI: FACS 0x000000007FEFFFC0 000040
Feb  2 11:34:50 cu-cs-vm kernel: [    0.000000] ACPI: BOOT 0x000000007FEEBE67 000028 (v01 PTLTD  $SBFTBL$ 06040000  LTP 00000001)
Feb  2 11:34:50 cu-cs-vm kernel: [    0.000000] ACPI: APIC 0x000000007FEEB725 000742 (v01 PTLTD  ? APIC   06040000  LTP 00000000)
Feb  2 11:34:50 cu-cs-vm kernel: [    0.000000] ACPI: MCFG 0x000000007FEEB6E9 00003C (v01 PTLTD  $PCITBL$ 06040000  LTP 00000001)
Feb  2 11:34:50 cu-cs-vm kernel: [    0.000000] ACPI: SRAT 0x000000007FEEA757 0008A8 (v02 VMWARE MEMPLUG  06040000 VMW  00000001)
Feb  2 11:34:50 cu-cs-vm kernel: [    0.000000] ACPI: WAET 0x000000007FEEA72F 000028 (v01 VMWARE VMW WAET 06040000 VMW  00000001)
Feb  2 11:34:50 cu-cs-vm kernel: [    0.000000] ACPI: Local APIC address 0xfee00000
Feb  2 11:34:50 cu-cs-vm kernel: [    0.000000] System requires x2apic physical mode
Feb  2 11:34:50 cu-cs-vm kernel: [    0.000000] Setting APIC routing to physical x2apic.
Feb  2 11:34:50 cu-cs-vm kernel: [    0.000000] SRAT: PXM 0 -> APIC 0x00 -> Node 0
Feb  2 11:34:50 cu-cs-vm kernel: [    0.000000] SRAT: PXM 0 -> APIC 0x02 -> Node 0
Feb  2 11:34:50 cu-cs-vm kernel: [    0.000000] SRAT: PXM 0 -> APIC 0x04 -> Node 0
Feb  2 11:34:50 cu-cs-vm kernel: [    0.000000] SRAT: PXM 0 -> APIC 0x06 -> Node 0
Feb  2 11:34:50 cu-cs-vm kernel: [    0.000000] SRAT: PXM 0 -> APIC 0x08 -> Node 0
Feb  2 11:34:50 cu-cs-vm kernel: [    0.000000] SRAT: PXM 0 -> APIC 0x0a -> Node 0
Feb  2 11:34:50 cu-cs-vm kernel: [    0.000000] SRAT: PXM 0 -> APIC 0x0c -> Node 0
Feb  2 11:34:50 cu-cs-vm kernel: [    0.000000] SRAT: PXM 0 -> APIC 0x0e -> Node 0
Feb  2 11:34:50 cu-cs-vm kernel: [    0.000000] SRAT: PXM 0 -> APIC 0x10 -> Node 0
Feb  2 11:34:50 cu-cs-vm kernel: [    0.000000] SRAT: PXM 0 -> APIC 0x12 -> Node 0
Feb  2 11:34:50 cu-cs-vm kernel: [    0.000000] SRAT: PXM 0 -> APIC 0x14 -> Node 0
Feb  2 11:34:50 cu-cs-vm kernel: [    0.000000] SRAT: PXM 0 -> APIC 0x16 -> Node 0
Feb  2 11:34:50 cu-cs-vm kernel: [    0.000000] SRAT: PXM 0 -> APIC 0x18 -> Node 0
Feb  2 11:34:50 cu-cs-vm kernel: [    0.000000] SRAT: PXM 0 -> APIC 0x1a -> Node 0
Feb  2 11:34:50 cu-cs-vm kernel: [    0.000000] SRAT: PXM 0 -> APIC 0x1c -> Node 0
Feb  2 11:34:50 cu-cs-vm kernel: [    0.000000] SRAT: PXM 0 -> APIC 0x1e -> Node 0
Feb  2 11:34:50 cu-cs-vm kernel: [    0.000000] SRAT: PXM 0 -> APIC 0x20 -> Node 0
Feb  2 11:34:50 cu-cs-vm kernel: [    0.000000] SRAT: PXM 0 -> APIC 0x22 -> Node 0
Feb  2 11:34:50 cu-cs-vm kernel: [    0.000000] SRAT: PXM 0 -> APIC 0x24 -> Node 0
Feb  2 11:34:50 cu-cs-vm kernel: [    0.000000] SRAT: PXM 0 -> APIC 0x26 -> Node 0
Feb  2 11:34:50 cu-cs-vm kernel: [    0.000000] SRAT: PXM 0 -> APIC 0x28 -> Node 0
Feb  2 11:34:50 cu-cs-vm kernel: [    0.000000] SRAT: PXM 0 -> APIC 0x2a -> Node 0
Feb  2 11:34:50 cu-cs-vm kernel: [    0.000000] SRAT: PXM 0 -> APIC 0x2c -> Node 0
Feb  2 11:34:50 cu-cs-vm kernel: [    0.000000] SRAT: PXM 0 -> APIC 0x2e -> Node 0
Feb  2 11:34:50 cu-cs-vm kernel: [    0.000000] SRAT: PXM 0 -> APIC 0x30 -> Node 0
Feb  2 11:34:50 cu-cs-vm kernel: [    0.000000] SRAT: PXM 0 -> APIC 0x32 -> Node 0
Feb  2 11:34:50 cu-cs-vm kernel: [    0.000000] SRAT: PXM 0 -> APIC 0x34 -> Node 0
Feb  2 11:34:50 cu-cs-vm kernel: [    0.000000] SRAT: PXM 0 -> APIC 0x36 -> Node 0
Feb  2 11:34:50 cu-cs-vm kernel: [    0.000000] SRAT: PXM 0 -> APIC 0x38 -> Node 0
Feb  2 11:34:50 cu-cs-vm kernel: [    0.000000] SRAT: PXM 0 -> APIC 0x3a -> Node 0
Feb  2 11:34:50 cu-cs-vm kernel: [    0.000000] SRAT: PXM 0 -> APIC 0x3c -> Node 0
Feb  2 11:34:50 cu-cs-vm kernel: [    0.000000] SRAT: PXM 0 -> APIC 0x3e -> Node 0
Feb  2 11:34:50 cu-cs-vm kernel: [    0.000000] SRAT: PXM 0 -> APIC 0x40 -> Node 0
Feb  2 11:34:50 cu-cs-vm kernel: [    0.000000] SRAT: PXM 0 -> APIC 0x42 -> Node 0
Feb  2 11:34:50 cu-cs-vm kernel: [    0.000000] SRAT: PXM 0 -> APIC 0x44 -> Node 0
Feb  2 11:34:50 cu-cs-vm kernel: [    0.000000] SRAT: PXM 0 -> APIC 0x46 -> Node 0
Feb  2 11:34:50 cu-cs-vm kernel: [    0.000000] SRAT: PXM 0 -> APIC 0x48 -> Node 0
Feb  2 11:34:50 cu-cs-vm kernel: [    0.000000] SRAT: PXM 0 -> APIC 0x4a -> Node 0
Feb  2 11:34:50 cu-cs-vm kernel: [    0.000000] SRAT: PXM 0 -> APIC 0x4c -> Node 0
Feb  2 11:34:50 cu-cs-vm kernel: [    0.000000] SRAT: PXM 0 -> APIC 0x4e -> Node 0
Feb  2 11:34:50 cu-cs-vm kernel: [    0.000000] SRAT: PXM 0 -> APIC 0x50 -> Node 0
Feb  2 11:34:50 cu-cs-vm kernel: [    0.000000] SRAT: PXM 0 -> APIC 0x52 -> Node 0
Feb  2 11:34:50 cu-cs-vm kernel: [    0.000000] SRAT: PXM 0 -> APIC 0x54 -> Node 0
Feb  2 11:34:50 cu-cs-vm kernel: [    0.000000] SRAT: PXM 0 -> APIC 0x56 -> Node 0
Feb  2 11:34:50 cu-cs-vm kernel: [    0.000000] SRAT: PXM 0 -> APIC 0x58 -> Node 0
Feb  2 11:34:50 cu-cs-vm kernel: [    0.000000] SRAT: PXM 0 -> APIC 0x5a -> Node 0
Feb  2 11:34:50 cu-cs-vm kernel: [    0.000000] SRAT: PXM 0 -> APIC 0x5c -> Node 0
Feb  2 11:34:50 cu-cs-vm kernel: [    0.000000] SRAT: PXM 0 -> APIC 0x5e -> Node 0
Feb  2 11:34:50 cu-cs-vm kernel: [    0.000000] SRAT: PXM 0 -> APIC 0x60 -> Node 0
Feb  2 11:34:50 cu-cs-vm kernel: [    0.000000] SRAT: PXM 0 -> APIC 0x62 -> Node 0
Feb  2 11:34:50 cu-cs-vm kernel: [    0.000000] SRAT: PXM 0 -> APIC 0x64 -> Node 0
Feb  2 11:34:50 cu-cs-vm kernel: [    0.000000] SRAT: PXM 0 -> APIC 0x66 -> Node 0
Feb  2 11:34:50 cu-cs-vm kernel: [    0.000000] SRAT: PXM 0 -> APIC 0x68 -> Node 0
Feb  2 11:34:50 cu-cs-vm kernel: [    0.000000] SRAT: PXM 0 -> APIC 0x6a -> Node 0
Feb  2 11:34:50 cu-cs-vm kernel: [    0.000000] SRAT: PXM 0 -> APIC 0x6c -> Node 0
Feb  2 11:34:50 cu-cs-vm kernel: [    0.000000] SRAT: PXM 0 -> APIC 0x6e -> Node 0
Feb  2 11:34:50 cu-cs-vm kernel: [    0.000000] SRAT: PXM 0 -> APIC 0x70 -> Node 0
Feb  2 11:34:50 cu-cs-vm kernel: [    0.000000] SRAT: PXM 0 -> APIC 0x72 -> Node 0
Feb  2 11:34:50 cu-cs-vm kernel: [    0.000000] SRAT: PXM 0 -> APIC 0x74 -> Node 0
Feb  2 11:34:50 cu-cs-vm kernel: [    0.000000] SRAT: PXM 0 -> APIC 0x76 -> Node 0
Feb  2 11:34:50 cu-cs-vm kernel: [    0.000000] SRAT: PXM 0 -> APIC 0x78 -> Node 0
Feb  2 11:34:50 cu-cs-vm kernel: [    0.000000] SRAT: PXM 0 -> APIC 0x7a -> Node 0
Feb  2 11:34:50 cu-cs-vm kernel: [    0.000000] SRAT: PXM 0 -> APIC 0x7c -> Node 0
Feb  2 11:34:50 cu-cs-vm kernel: [    0.000000] SRAT: PXM 0 -> APIC 0x7e -> Node 0
Feb  2 11:34:50 cu-cs-vm kernel: [    0.000000] SRAT: PXM 0 -> APIC 0x80 -> Node 0
Feb  2 11:34:50 cu-cs-vm kernel: [    0.000000] SRAT: PXM 0 -> APIC 0x82 -> Node 0
Feb  2 11:34:50 cu-cs-vm kernel: [    0.000000] SRAT: PXM 0 -> APIC 0x84 -> Node 0
Feb  2 11:34:50 cu-cs-vm kernel: [    0.000000] SRAT: PXM 0 -> APIC 0x86 -> Node 0
Feb  2 11:34:50 cu-cs-vm kernel: [    0.000000] SRAT: PXM 0 -> APIC 0x88 -> Node 0
Feb  2 11:34:50 cu-cs-vm kernel: [    0.000000] SRAT: PXM 0 -> APIC 0x8a -> Node 0
Feb  2 11:34:50 cu-cs-vm kernel: [    0.000000] SRAT: PXM 0 -> APIC 0x8c -> Node 0
Feb  2 11:34:50 cu-cs-vm kernel: [    0.000000] SRAT: PXM 0 -> APIC 0x8e -> Node 0
Feb  2 11:34:50 cu-cs-vm kernel: [    0.000000] SRAT: PXM 0 -> APIC 0x90 -> Node 0
Feb  2 11:34:50 cu-cs-vm kernel: [    0.000000] SRAT: PXM 0 -> APIC 0x92 -> Node 0
Feb  2 11:34:50 cu-cs-vm kernel: [    0.000000] SRAT: PXM 0 -> APIC 0x94 -> Node 0
Feb  2 11:34:50 cu-cs-vm kernel: [    0.000000] SRAT: PXM 0 -> APIC 0x96 -> Node 0
Feb  2 11:34:50 cu-cs-vm kernel: [    0.000000] SRAT: PXM 0 -> APIC 0x98 -> Node 0
Feb  2 11:34:50 cu-cs-vm kernel: [    0.000000] SRAT: PXM 0 -> APIC 0x9a -> Node 0
Feb  2 11:34:50 cu-cs-vm kernel: [    0.000000] SRAT: PXM 0 -> APIC 0x9c -> Node 0
Feb  2 11:34:50 cu-cs-vm kernel: [    0.000000] SRAT: PXM 0 -> APIC 0x9e -> Node 0
Feb  2 11:34:50 cu-cs-vm kernel: [    0.000000] SRAT: PXM 0 -> APIC 0xa0 -> Node 0
Feb  2 11:34:50 cu-cs-vm kernel: [    0.000000] SRAT: PXM 0 -> APIC 0xa2 -> Node 0
Feb  2 11:34:50 cu-cs-vm kernel: [    0.000000] SRAT: PXM 0 -> APIC 0xa4 -> Node 0
Feb  2 11:34:50 cu-cs-vm kernel: [    0.000000] SRAT: PXM 0 -> APIC 0xa6 -> Node 0
Feb  2 11:34:50 cu-cs-vm kernel: [    0.000000] SRAT: PXM 0 -> APIC 0xa8 -> Node 0
Feb  2 11:34:50 cu-cs-vm kernel: [    0.000000] SRAT: PXM 0 -> APIC 0xaa -> Node 0
Feb  2 11:34:50 cu-cs-vm kernel: [    0.000000] SRAT: PXM 0 -> APIC 0xac -> Node 0
Feb  2 11:34:50 cu-cs-vm kernel: [    0.000000] SRAT: PXM 0 -> APIC 0xae -> Node 0
Feb  2 11:34:50 cu-cs-vm kernel: [    0.000000] SRAT: PXM 0 -> APIC 0xb0 -> Node 0
Feb  2 11:34:50 cu-cs-vm kernel: [    0.000000] SRAT: PXM 0 -> APIC 0xb2 -> Node 0
Feb  2 11:34:50 cu-cs-vm kernel: [    0.000000] SRAT: PXM 0 -> APIC 0xb4 -> Node 0
Feb  2 11:34:50 cu-cs-vm kernel: [    0.000000] SRAT: PXM 0 -> APIC 0xb6 -> Node 0
Feb  2 11:34:50 cu-cs-vm kernel: [    0.000000] SRAT: PXM 0 -> APIC 0xb8 -> Node 0
Feb  2 11:34:50 cu-cs-vm kernel: [    0.000000] SRAT: PXM 0 -> APIC 0xba -> Node 0
Feb  2 11:34:50 cu-cs-vm kernel: [    0.000000] SRAT: PXM 0 -> APIC 0xbc -> Node 0
Feb  2 11:34:50 cu-cs-vm kernel: [    0.000000] SRAT: PXM 0 -> APIC 0xbe -> Node 0
Feb  2 11:34:50 cu-cs-vm kernel: [    0.000000] SRAT: PXM 0 -> APIC 0xc0 -> Node 0
Feb  2 11:34:50 cu-cs-vm kernel: [    0.000000] SRAT: PXM 0 -> APIC 0xc2 -> Node 0
Feb  2 11:34:50 cu-cs-vm kernel: [    0.000000] SRAT: PXM 0 -> APIC 0xc4 -> Node 0
Feb  2 11:34:50 cu-cs-vm kernel: [    0.000000] SRAT: PXM 0 -> APIC 0xc6 -> Node 0
Feb  2 11:34:50 cu-cs-vm kernel: [    0.000000] SRAT: PXM 0 -> APIC 0xc8 -> Node 0
Feb  2 11:34:50 cu-cs-vm kernel: [    0.000000] SRAT: PXM 0 -> APIC 0xca -> Node 0
Feb  2 11:34:50 cu-cs-vm kernel: [    0.000000] SRAT: PXM 0 -> APIC 0xcc -> Node 0
Feb  2 11:34:50 cu-cs-vm kernel: [    0.000000] SRAT: PXM 0 -> APIC 0xce -> Node 0
Feb  2 11:34:50 cu-cs-vm kernel: [    0.000000] SRAT: PXM 0 -> APIC 0xd0 -> Node 0
Feb  2 11:34:50 cu-cs-vm kernel: [    0.000000] SRAT: PXM 0 -> APIC 0xd2 -> Node 0
Feb  2 11:34:50 cu-cs-vm kernel: [    0.000000] SRAT: PXM 0 -> APIC 0xd4 -> Node 0
Feb  2 11:34:50 cu-cs-vm kernel: [    0.000000] SRAT: PXM 0 -> APIC 0xd6 -> Node 0
Feb  2 11:34:50 cu-cs-vm kernel: [    0.000000] SRAT: PXM 0 -> APIC 0xd8 -> Node 0
Feb  2 11:34:50 cu-cs-vm kernel: [    0.000000] SRAT: PXM 0 -> APIC 0xda -> Node 0
Feb  2 11:34:50 cu-cs-vm kernel: [    0.000000] SRAT: PXM 0 -> APIC 0xdc -> Node 0
Feb  2 11:34:50 cu-cs-vm kernel: [    0.000000] SRAT: PXM 0 -> APIC 0xde -> Node 0
Feb  2 11:34:50 cu-cs-vm kernel: [    0.000000] SRAT: PXM 0 -> APIC 0xe0 -> Node 0
Feb  2 11:34:50 cu-cs-vm kernel: [    0.000000] SRAT: PXM 0 -> APIC 0xe2 -> Node 0
Feb  2 11:34:50 cu-cs-vm kernel: [    0.000000] SRAT: PXM 0 -> APIC 0xe4 -> Node 0
Feb  2 11:34:50 cu-cs-vm kernel: [    0.000000] SRAT: PXM 0 -> APIC 0xe6 -> Node 0
Feb  2 11:34:50 cu-cs-vm kernel: [    0.000000] SRAT: PXM 0 -> APIC 0xe8 -> Node 0
Feb  2 11:34:50 cu-cs-vm kernel: [    0.000000] SRAT: PXM 0 -> APIC 0xea -> Node 0
Feb  2 11:34:50 cu-cs-vm kernel: [    0.000000] SRAT: PXM 0 -> APIC 0xec -> Node 0
Feb  2 11:34:50 cu-cs-vm kernel: [    0.000000] SRAT: PXM 0 -> APIC 0xee -> Node 0
Feb  2 11:34:50 cu-cs-vm kernel: [    0.000000] SRAT: PXM 0 -> APIC 0xf0 -> Node 0
Feb  2 11:34:50 cu-cs-vm kernel: [    0.000000] SRAT: PXM 0 -> APIC 0xf2 -> Node 0
Feb  2 11:34:50 cu-cs-vm kernel: [    0.000000] SRAT: PXM 0 -> APIC 0xf4 -> Node 0
Feb  2 11:34:50 cu-cs-vm kernel: [    0.000000] SRAT: PXM 0 -> APIC 0xf6 -> Node 0
Feb  2 11:34:50 cu-cs-vm kernel: [    0.000000] SRAT: PXM 0 -> APIC 0xf8 -> Node 0
Feb  2 11:34:50 cu-cs-vm kernel: [    0.000000] SRAT: PXM 0 -> APIC 0xfa -> Node 0
Feb  2 11:34:50 cu-cs-vm kernel: [    0.000000] SRAT: PXM 0 -> APIC 0xfc -> Node 0
Feb  2 11:34:50 cu-cs-vm kernel: [    0.000000] SRAT: PXM 0 -> APIC 0xfe -> Node 0
Feb  2 11:34:50 cu-cs-vm kernel: [    0.000000] ACPI: SRAT: Node 0 PXM 0 [mem 0x00000000-0x0009ffff]
Feb  2 11:34:50 cu-cs-vm kernel: [    0.000000] ACPI: SRAT: Node 0 PXM 0 [mem 0x00100000-0x7fffffff]
Feb  2 11:34:50 cu-cs-vm kernel: [    0.000000] ACPI: SRAT: Node 0 PXM 0 [mem 0x80000000-0xbfffffff] hotplug
Feb  2 11:34:50 cu-cs-vm kernel: [    0.000000] NUMA: Node 0 [mem 0x00000000-0x0009ffff] + [mem 0x00100000-0x7fffffff] -> [mem 0x00000000-0x7fffffff]
Feb  2 11:34:50 cu-cs-vm kernel: [    0.000000] NODE_DATA(0) allocated [mem 0x7ffd5000-0x7fffffff]
Feb  2 11:34:50 cu-cs-vm kernel: [    0.000000] Reserving 128MB of memory at 768MB for crashkernel (System RAM: 2047MB)
Feb  2 11:34:50 cu-cs-vm kernel: [    0.000000] Zone ranges:
Feb  2 11:34:50 cu-cs-vm kernel: [    0.000000]   DMA      [mem 0x0000000000001000-0x0000000000ffffff]
Feb  2 11:34:50 cu-cs-vm kernel: [    0.000000]   DMA32    [mem 0x0000000001000000-0x000000007fffffff]
Feb  2 11:34:50 cu-cs-vm kernel: [    0.000000]   Normal   empty
Feb  2 11:34:50 cu-cs-vm kernel: [    0.000000]   Device   empty
Feb  2 11:34:50 cu-cs-vm kernel: [    0.000000] Movable zone start for each node
Feb  2 11:34:50 cu-cs-vm kernel: [    0.000000] Early memory node ranges
Feb  2 11:34:50 cu-cs-vm kernel: [    0.000000]   node   0: [mem 0x0000000000001000-0x000000000009dfff]
Feb  2 11:34:50 cu-cs-vm kernel: [    0.000000]   node   0: [mem 0x0000000000100000-0x000000007fedffff]
Feb  2 11:34:50 cu-cs-vm kernel: [    0.000000]   node   0: [mem 0x000000007ff00000-0x000000007fffffff]
Feb  2 11:34:50 cu-cs-vm kernel: [    0.000000] Initmem setup node 0 [mem 0x0000000000001000-0x000000007fffffff]
Feb  2 11:34:50 cu-cs-vm kernel: [    0.000000] On node 0 totalpages: 524157
Feb  2 11:34:50 cu-cs-vm kernel: [    0.000000]   DMA zone: 64 pages used for memmap
Feb  2 11:34:50 cu-cs-vm kernel: [    0.000000]   DMA zone: 21 pages reserved
Feb  2 11:34:50 cu-cs-vm kernel: [    0.000000]   DMA zone: 3997 pages, LIFO batch:0
Feb  2 11:34:50 cu-cs-vm kernel: [    0.000000]   DMA32 zone: 8128 pages used for memmap
Feb  2 11:34:50 cu-cs-vm kernel: [    0.000000]   DMA32 zone: 520160 pages, LIFO batch:31
Feb  2 11:34:50 cu-cs-vm kernel: [    0.000000] ACPI: PM-Timer IO Port: 0x1008
Feb  2 11:34:50 cu-cs-vm kernel: [    0.000000] ACPI: Local APIC address 0xfee00000
Feb  2 11:34:50 cu-cs-vm kernel: [    0.000000] System requires x2apic physical mode
Feb  2 11:34:50 cu-cs-vm kernel: [    0.000000] ACPI: LAPIC_NMI (acpi_id[0x00] high edge lint[0x1])
Feb  2 11:34:50 cu-cs-vm kernel: [    0.000000] ACPI: LAPIC_NMI (acpi_id[0x01] high edge lint[0x1])
Feb  2 11:34:50 cu-cs-vm kernel: [    0.000000] ACPI: LAPIC_NMI (acpi_id[0x02] high edge lint[0x1])
Feb  2 11:34:50 cu-cs-vm kernel: [    0.000000] ACPI: LAPIC_NMI (acpi_id[0x03] high edge lint[0x1])
Feb  2 11:34:50 cu-cs-vm kernel: [    0.000000] ACPI: LAPIC_NMI (acpi_id[0x04] high edge lint[0x1])
Feb  2 11:34:50 cu-cs-vm kernel: [    0.000000] ACPI: LAPIC_NMI (acpi_id[0x05] high edge lint[0x1])
Feb  2 11:34:50 cu-cs-vm kernel: [    0.000000] ACPI: LAPIC_NMI (acpi_id[0x06] high edge lint[0x1])
Feb  2 11:34:50 cu-cs-vm kernel: [    0.000000] ACPI: LAPIC_NMI (acpi_id[0x07] high edge lint[0x1])
Feb  2 11:34:50 cu-cs-vm kernel: [    0.000000] ACPI: LAPIC_NMI (acpi_id[0x08] high edge lint[0x1])
Feb  2 11:34:50 cu-cs-vm kernel: [    0.000000] ACPI: LAPIC_NMI (acpi_id[0x09] high edge lint[0x1])
Feb  2 11:34:50 cu-cs-vm kernel: [    0.000000] ACPI: LAPIC_NMI (acpi_id[0x0a] high edge lint[0x1])
Feb  2 11:34:50 cu-cs-vm kernel: [    0.000000] ACPI: LAPIC_NMI (acpi_id[0x0b] high edge lint[0x1])
Feb  2 11:34:50 cu-cs-vm kernel: [    0.000000] ACPI: LAPIC_NMI (acpi_id[0x0c] high edge lint[0x1])
Feb  2 11:34:50 cu-cs-vm kernel: [    0.000000] ACPI: LAPIC_NMI (acpi_id[0x0d] high edge lint[0x1])
Feb  2 11:34:50 cu-cs-vm kernel: [    0.000000] ACPI: LAPIC_NMI (acpi_id[0x0e] high edge lint[0x1])
Feb  2 11:34:50 cu-cs-vm kernel: [    0.000000] ACPI: LAPIC_NMI (acpi_id[0x0f] high edge lint[0x1])
Feb  2 11:34:50 cu-cs-vm kernel: [    0.000000] ACPI: LAPIC_NMI (acpi_id[0x10] high edge lint[0x1])
Feb  2 11:34:50 cu-cs-vm kernel: [    0.000000] ACPI: LAPIC_NMI (acpi_id[0x11] high edge lint[0x1])
Feb  2 11:34:50 cu-cs-vm kernel: [    0.000000] ACPI: LAPIC_NMI (acpi_id[0x12] high edge lint[0x1])
Feb  2 11:34:50 cu-cs-vm kernel: [    0.000000] ACPI: LAPIC_NMI (acpi_id[0x13] high edge lint[0x1])
Feb  2 11:34:50 cu-cs-vm kernel: [    0.000000] ACPI: LAPIC_NMI (acpi_id[0x14] high edge lint[0x1])
Feb  2 11:34:50 cu-cs-vm kernel: [    0.000000] ACPI: LAPIC_NMI (acpi_id[0x15] high edge lint[0x1])
Feb  2 11:34:50 cu-cs-vm kernel: [    0.000000] ACPI: LAPIC_NMI (acpi_id[0x16] high edge lint[0x1])
Feb  2 11:34:50 cu-cs-vm kernel: [    0.000000] ACPI: LAPIC_NMI (acpi_id[0x17] high edge lint[0x1])
Feb  2 11:34:50 cu-cs-vm kernel: [    0.000000] ACPI: LAPIC_NMI (acpi_id[0x18] high edge lint[0x1])
Feb  2 11:34:50 cu-cs-vm kernel: [    0.000000] ACPI: LAPIC_NMI (acpi_id[0x19] high edge lint[0x1])
Feb  2 11:34:50 cu-cs-vm kernel: [    0.000000] ACPI: LAPIC_NMI (acpi_id[0x1a] high edge lint[0x1])
Feb  2 11:34:50 cu-cs-vm kernel: [    0.000000] ACPI: LAPIC_NMI (acpi_id[0x1b] high edge lint[0x1])
Feb  2 11:34:50 cu-cs-vm kernel: [    0.000000] ACPI: LAPIC_NMI (acpi_id[0x1c] high edge lint[0x1])
Feb  2 11:34:50 cu-cs-vm kernel: [    0.000000] ACPI: LAPIC_NMI (acpi_id[0x1d] high edge lint[0x1])
Feb  2 11:34:50 cu-cs-vm kernel: [    0.000000] ACPI: LAPIC_NMI (acpi_id[0x1e] high edge lint[0x1])
Feb  2 11:34:50 cu-cs-vm kernel: [    0.000000] ACPI: LAPIC_NMI (acpi_id[0x1f] high edge lint[0x1])
Feb  2 11:34:50 cu-cs-vm kernel: [    0.000000] ACPI: LAPIC_NMI (acpi_id[0x20] high edge lint[0x1])
Feb  2 11:34:50 cu-cs-vm kernel: [    0.000000] ACPI: LAPIC_NMI (acpi_id[0x21] high edge lint[0x1])
Feb  2 11:34:50 cu-cs-vm kernel: [    0.000000] ACPI: LAPIC_NMI (acpi_id[0x22] high edge lint[0x1])
Feb  2 11:34:50 cu-cs-vm kernel: [    0.000000] ACPI: LAPIC_NMI (acpi_id[0x23] high edge lint[0x1])
Feb  2 11:34:50 cu-cs-vm kernel: [    0.000000] ACPI: LAPIC_NMI (acpi_id[0x24] high edge lint[0x1])
Feb  2 11:34:50 cu-cs-vm kernel: [    0.000000] ACPI: LAPIC_NMI (acpi_id[0x25] high edge lint[0x1])
Feb  2 11:34:50 cu-cs-vm kernel: [    0.000000] ACPI: LAPIC_NMI (acpi_id[0x26] high edge lint[0x1])
Feb  2 11:34:50 cu-cs-vm kernel: [    0.000000] ACPI: LAPIC_NMI (acpi_id[0x27] high edge lint[0x1])
Feb  2 11:34:50 cu-cs-vm kernel: [    0.000000] ACPI: LAPIC_NMI (acpi_id[0x28] high edge lint[0x1])
Feb  2 11:34:50 cu-cs-vm kernel: [    0.000000] ACPI: LAPIC_NMI (acpi_id[0x29] high edge lint[0x1])
Feb  2 11:34:50 cu-cs-vm kernel: [    0.000000] ACPI: LAPIC_NMI (acpi_id[0x2a] high edge lint[0x1])
Feb  2 11:34:50 cu-cs-vm kernel: [    0.000000] ACPI: LAPIC_NMI (acpi_id[0x2b] high edge lint[0x1])
Feb  2 11:34:50 cu-cs-vm kernel: [    0.000000] ACPI: LAPIC_NMI (acpi_id[0x2c] high edge lint[0x1])
Feb  2 11:34:50 cu-cs-vm kernel: [    0.000000] ACPI: LAPIC_NMI (acpi_id[0x2d] high edge lint[0x1])
Feb  2 11:34:50 cu-cs-vm kernel: [    0.000000] ACPI: LAPIC_NMI (acpi_id[0x2e] high edge lint[0x1])
Feb  2 11:34:50 cu-cs-vm kernel: [    0.000000] ACPI: LAPIC_NMI (acpi_id[0x2f] high edge lint[0x1])
Feb  2 11:34:50 cu-cs-vm kernel: [    0.000000] ACPI: LAPIC_NMI (acpi_id[0x30] high edge lint[0x1])
Feb  2 11:34:50 cu-cs-vm kernel: [    0.000000] ACPI: LAPIC_NMI (acpi_id[0x31] high edge lint[0x1])
Feb  2 11:34:50 cu-cs-vm kernel: [    0.000000] ACPI: LAPIC_NMI (acpi_id[0x32] high edge lint[0x1])
Feb  2 11:34:50 cu-cs-vm kernel: [    0.000000] ACPI: LAPIC_NMI (acpi_id[0x33] high edge lint[0x1])
Feb  2 11:34:50 cu-cs-vm kernel: [    0.000000] ACPI: LAPIC_NMI (acpi_id[0x34] high edge lint[0x1])
Feb  2 11:34:50 cu-cs-vm kernel: [    0.000000] ACPI: LAPIC_NMI (acpi_id[0x35] high edge lint[0x1])
Feb  2 11:34:50 cu-cs-vm kernel: [    0.000000] ACPI: LAPIC_NMI (acpi_id[0x36] high edge lint[0x1])
Feb  2 11:34:50 cu-cs-vm kernel: [    0.000000] ACPI: LAPIC_NMI (acpi_id[0x37] high edge lint[0x1])
Feb  2 11:34:50 cu-cs-vm kernel: [    0.000000] ACPI: LAPIC_NMI (acpi_id[0x38] high edge lint[0x1])
Feb  2 11:34:50 cu-cs-vm kernel: [    0.000000] ACPI: LAPIC_NMI (acpi_id[0x39] high edge lint[0x1])
Feb  2 11:34:50 cu-cs-vm kernel: [    0.000000] ACPI: LAPIC_NMI (acpi_id[0x3a] high edge lint[0x1])
Feb  2 11:34:50 cu-cs-vm kernel: [    0.000000] ACPI: LAPIC_NMI (acpi_id[0x3b] high edge lint[0x1])
Feb  2 11:34:50 cu-cs-vm kernel: [    0.000000] ACPI: LAPIC_NMI (acpi_id[0x3c] high edge lint[0x1])
Feb  2 11:34:50 cu-cs-vm kernel: [    0.000000] ACPI: LAPIC_NMI (acpi_id[0x3d] high edge lint[0x1])
Feb  2 11:34:50 cu-cs-vm kernel: [    0.000000] ACPI: LAPIC_NMI (acpi_id[0x3e] high edge lint[0x1])
Feb  2 11:34:50 cu-cs-vm kernel: [    0.000000] ACPI: LAPIC_NMI (acpi_id[0x3f] high edge lint[0x1])
Feb  2 11:34:50 cu-cs-vm kernel: [    0.000000] ACPI: LAPIC_NMI (acpi_id[0x40] high edge lint[0x1])
Feb  2 11:34:50 cu-cs-vm kernel: [    0.000000] ACPI: LAPIC_NMI (acpi_id[0x41] high edge lint[0x1])
Feb  2 11:34:50 cu-cs-vm kernel: [    0.000000] ACPI: LAPIC_NMI (acpi_id[0x42] high edge lint[0x1])
Feb  2 11:34:50 cu-cs-vm kernel: [    0.000000] ACPI: LAPIC_NMI (acpi_id[0x43] high edge lint[0x1])
Feb  2 11:34:50 cu-cs-vm kernel: [    0.000000] ACPI: LAPIC_NMI (acpi_id[0x44] high edge lint[0x1])
Feb  2 11:34:50 cu-cs-vm kernel: [    0.000000] ACPI: LAPIC_NMI (acpi_id[0x45] high edge lint[0x1])
Feb  2 11:34:50 cu-cs-vm kernel: [    0.000000] ACPI: LAPIC_NMI (acpi_id[0x46] high edge lint[0x1])
Feb  2 11:34:50 cu-cs-vm kernel: [    0.000000] ACPI: LAPIC_NMI (acpi_id[0x47] high edge lint[0x1])
Feb  2 11:34:50 cu-cs-vm kernel: [    0.000000] ACPI: LAPIC_NMI (acpi_id[0x48] high edge lint[0x1])
Feb  2 11:34:50 cu-cs-vm kernel: [    0.000000] ACPI: LAPIC_NMI (acpi_id[0x49] high edge lint[0x1])
Feb  2 11:34:50 cu-cs-vm kernel: [    0.000000] ACPI: LAPIC_NMI (acpi_id[0x4a] high edge lint[0x1])
Feb  2 11:34:50 cu-cs-vm kernel: [    0.000000] ACPI: LAPIC_NMI (acpi_id[0x4b] high edge lint[0x1])
Feb  2 11:34:50 cu-cs-vm kernel: [    0.000000] ACPI: LAPIC_NMI (acpi_id[0x4c] high edge lint[0x1])
Feb  2 11:34:50 cu-cs-vm kernel: [    0.000000] ACPI: LAPIC_NMI (acpi_id[0x4d] high edge lint[0x1])
Feb  2 11:34:50 cu-cs-vm kernel: [    0.000000] ACPI: LAPIC_NMI (acpi_id[0x4e] high edge lint[0x1])
Feb  2 11:34:50 cu-cs-vm kernel: [    0.000000] ACPI: LAPIC_NMI (acpi_id[0x4f] high edge lint[0x1])
Feb  2 11:34:50 cu-cs-vm kernel: [    0.000000] ACPI: LAPIC_NMI (acpi_id[0x50] high edge lint[0x1])
Feb  2 11:34:50 cu-cs-vm kernel: [    0.000000] ACPI: LAPIC_NMI (acpi_id[0x51] high edge lint[0x1])
Feb  2 11:34:50 cu-cs-vm kernel: [    0.000000] ACPI: LAPIC_NMI (acpi_id[0x52] high edge lint[0x1])
Feb  2 11:34:50 cu-cs-vm kernel: [    0.000000] ACPI: LAPIC_NMI (acpi_id[0x53] high edge lint[0x1])
Feb  2 11:34:50 cu-cs-vm kernel: [    0.000000] ACPI: LAPIC_NMI (acpi_id[0x54] high edge lint[0x1])
Feb  2 11:34:50 cu-cs-vm kernel: [    0.000000] ACPI: LAPIC_NMI (acpi_id[0x55] high edge lint[0x1])
Feb  2 11:34:50 cu-cs-vm kernel: [    0.000000] ACPI: LAPIC_NMI (acpi_id[0x56] high edge lint[0x1])
Feb  2 11:34:50 cu-cs-vm kernel: [    0.000000] ACPI: LAPIC_NMI (acpi_id[0x57] high edge lint[0x1])
Feb  2 11:34:50 cu-cs-vm kernel: [    0.000000] ACPI: LAPIC_NMI (acpi_id[0x58] high edge lint[0x1])
Feb  2 11:34:50 cu-cs-vm kernel: [    0.000000] ACPI: LAPIC_NMI (acpi_id[0x59] high edge lint[0x1])
Feb  2 11:34:50 cu-cs-vm kernel: [    0.000000] ACPI: LAPIC_NMI (acpi_id[0x5a] high edge lint[0x1])
Feb  2 11:34:50 cu-cs-vm kernel: [    0.000000] ACPI: LAPIC_NMI (acpi_id[0x5b] high edge lint[0x1])
Feb  2 11:34:50 cu-cs-vm kernel: [    0.000000] ACPI: LAPIC_NMI (acpi_id[0x5c] high edge lint[0x1])
Feb  2 11:34:50 cu-cs-vm kernel: [    0.000000] ACPI: LAPIC_NMI (acpi_id[0x5d] high edge lint[0x1])
Feb  2 11:34:50 cu-cs-vm kernel: [    0.000000] ACPI: LAPIC_NMI (acpi_id[0x5e] high edge lint[0x1])
Feb  2 11:34:50 cu-cs-vm kernel: [    0.000000] ACPI: LAPIC_NMI (acpi_id[0x5f] high edge lint[0x1])
Feb  2 11:34:50 cu-cs-vm kernel: [    0.000000] ACPI: LAPIC_NMI (acpi_id[0x60] high edge lint[0x1])
Feb  2 11:34:50 cu-cs-vm kernel: [    0.000000] ACPI: LAPIC_NMI (acpi_id[0x61] high edge lint[0x1])
Feb  2 11:34:50 cu-cs-vm kernel: [    0.000000] ACPI: LAPIC_NMI (acpi_id[0x62] high edge lint[0x1])
Feb  2 11:34:50 cu-cs-vm kernel: [    0.000000] ACPI: LAPIC_NMI (acpi_id[0x63] high edge lint[0x1])
Feb  2 11:34:50 cu-cs-vm kernel: [    0.000000] ACPI: LAPIC_NMI (acpi_id[0x64] high edge lint[0x1])
Feb  2 11:34:50 cu-cs-vm kernel: [    0.000000] ACPI: LAPIC_NMI (acpi_id[0x65] high edge lint[0x1])
Feb  2 11:34:50 cu-cs-vm kernel: [    0.000000] ACPI: LAPIC_NMI (acpi_id[0x66] high edge lint[0x1])
Feb  2 11:34:50 cu-cs-vm kernel: [    0.000000] ACPI: LAPIC_NMI (acpi_id[0x67] high edge lint[0x1])
Feb  2 11:34:50 cu-cs-vm kernel: [    0.000000] ACPI: LAPIC_NMI (acpi_id[0x68] high edge lint[0x1])
Feb  2 11:34:50 cu-cs-vm kernel: [    0.000000] ACPI: LAPIC_NMI (acpi_id[0x69] high edge lint[0x1])
Feb  2 11:34:50 cu-cs-vm kernel: [    0.000000] ACPI: LAPIC_NMI (acpi_id[0x6a] high edge lint[0x1])
Feb  2 11:34:50 cu-cs-vm kernel: [    0.000000] ACPI: LAPIC_NMI (acpi_id[0x6b] high edge lint[0x1])
Feb  2 11:34:50 cu-cs-vm kernel: [    0.000000] ACPI: LAPIC_NMI (acpi_id[0x6c] high edge lint[0x1])
Feb  2 11:34:50 cu-cs-vm kernel: [    0.000000] ACPI: LAPIC_NMI (acpi_id[0x6d] high edge lint[0x1])
Feb  2 11:34:50 cu-cs-vm kernel: [    0.000000] ACPI: LAPIC_NMI (acpi_id[0x6e] high edge lint[0x1])
Feb  2 11:34:50 cu-cs-vm kernel: [    0.000000] ACPI: LAPIC_NMI (acpi_id[0x6f] high edge lint[0x1])
Feb  2 11:34:50 cu-cs-vm kernel: [    0.000000] ACPI: LAPIC_NMI (acpi_id[0x70] high edge lint[0x1])
Feb  2 11:34:50 cu-cs-vm kernel: [    0.000000] ACPI: LAPIC_NMI (acpi_id[0x71] high edge lint[0x1])
Feb  2 11:34:50 cu-cs-vm kernel: [    0.000000] ACPI: LAPIC_NMI (acpi_id[0x72] high edge lint[0x1])
Feb  2 11:34:50 cu-cs-vm kernel: [    0.000000] ACPI: LAPIC_NMI (acpi_id[0x73] high edge lint[0x1])
Feb  2 11:34:50 cu-cs-vm kernel: [    0.000000] ACPI: LAPIC_NMI (acpi_id[0x74] high edge lint[0x1])
Feb  2 11:34:50 cu-cs-vm kernel: [    0.000000] ACPI: LAPIC_NMI (acpi_id[0x75] high edge lint[0x1])
Feb  2 11:34:50 cu-cs-vm kernel: [    0.000000] ACPI: LAPIC_NMI (acpi_id[0x76] high edge lint[0x1])
Feb  2 11:34:50 cu-cs-vm kernel: [    0.000000] ACPI: LAPIC_NMI (acpi_id[0x77] high edge lint[0x1])
Feb  2 11:34:50 cu-cs-vm kernel: [    0.000000] ACPI: LAPIC_NMI (acpi_id[0x78] high edge lint[0x1])
Feb  2 11:34:50 cu-cs-vm kernel: [    0.000000] ACPI: LAPIC_NMI (acpi_id[0x79] high edge lint[0x1])
Feb  2 11:34:50 cu-cs-vm kernel: [    0.000000] ACPI: LAPIC_NMI (acpi_id[0x7a] high edge lint[0x1])
Feb  2 11:34:50 cu-cs-vm kernel: [    0.000000] ACPI: LAPIC_NMI (acpi_id[0x7b] high edge lint[0x1])
Feb  2 11:34:50 cu-cs-vm kernel: [    0.000000] ACPI: LAPIC_NMI (acpi_id[0x7c] high edge lint[0x1])
Feb  2 11:34:50 cu-cs-vm kernel: [    0.000000] ACPI: LAPIC_NMI (acpi_id[0x7d] high edge lint[0x1])
Feb  2 11:34:50 cu-cs-vm kernel: [    0.000000] ACPI: LAPIC_NMI (acpi_id[0x7e] high edge lint[0x1])
Feb  2 11:34:50 cu-cs-vm kernel: [    0.000000] ACPI: LAPIC_NMI (acpi_id[0x7f] high edge lint[0x1])
Feb  2 11:34:50 cu-cs-vm kernel: [    0.000000] IOAPIC[0]: apic_id 1, version 17, address 0xfec00000, GSI 0-23
Feb  2 11:34:50 cu-cs-vm kernel: [    0.000000] ACPI: INT_SRC_OVR (bus 0 bus_irq 0 global_irq 2 high edge)
Feb  2 11:34:50 cu-cs-vm kernel: [    0.000000] ACPI: IRQ0 used by override.
Feb  2 11:34:50 cu-cs-vm kernel: [    0.000000] ACPI: IRQ9 used by override.
Feb  2 11:34:50 cu-cs-vm kernel: [    0.000000] Using ACPI (MADT) for SMP configuration information
Feb  2 11:34:50 cu-cs-vm kernel: [    0.000000] smpboot: Allowing 128 CPUs, 126 hotplug CPUs
Feb  2 11:34:50 cu-cs-vm kernel: [    0.000000] PM: Registered nosave memory: [mem 0x00000000-0x00000fff]
Feb  2 11:34:50 cu-cs-vm kernel: [    0.000000] PM: Registered nosave memory: [mem 0x0009e000-0x0009efff]
Feb  2 11:34:50 cu-cs-vm kernel: [    0.000000] PM: Registered nosave memory: [mem 0x0009f000-0x0009ffff]
Feb  2 11:34:50 cu-cs-vm kernel: [    0.000000] PM: Registered nosave memory: [mem 0x000a0000-0x000dbfff]
Feb  2 11:34:50 cu-cs-vm kernel: [    0.000000] PM: Registered nosave memory: [mem 0x000dc000-0x000fffff]
Feb  2 11:34:50 cu-cs-vm kernel: [    0.000000] PM: Registered nosave memory: [mem 0x7fee0000-0x7fefefff]
Feb  2 11:34:50 cu-cs-vm kernel: [    0.000000] PM: Registered nosave memory: [mem 0x7feff000-0x7fefffff]
Feb  2 11:34:50 cu-cs-vm kernel: [    0.000000] e820: [mem 0x80000000-0xefffffff] available for PCI devices
Feb  2 11:34:50 cu-cs-vm kernel: [    0.000000] Booting paravirtualized kernel on VMware hypervisor
Feb  2 11:34:50 cu-cs-vm kernel: [    0.000000] clocksource: refined-jiffies: mask: 0xffffffff max_cycles: 0xffffffff, max_idle_ns: 7645519600211568 ns
Feb  2 11:34:50 cu-cs-vm kernel: [    0.000000] setup_percpu: NR_CPUS:8192 nr_cpumask_bits:128 nr_cpu_ids:128 nr_node_ids:1
Feb  2 11:34:50 cu-cs-vm kernel: [    0.000000] percpu: Embedded 45 pages/cpu @ffff8cfd77200000 s146520 r8192 d29608 u262144
Feb  2 11:34:50 cu-cs-vm kernel: [    0.000000] pcpu-alloc: s146520 r8192 d29608 u262144 alloc=1*2097152
Feb  2 11:34:50 cu-cs-vm kernel: [    0.000000] pcpu-alloc: [0] 000 001 002 003 004 005 006 007 
Feb  2 11:34:50 cu-cs-vm kernel: [    0.000000] pcpu-alloc: [0] 008 009 010 011 012 013 014 015 
Feb  2 11:34:50 cu-cs-vm kernel: [    0.000000] pcpu-alloc: [0] 016 017 018 019 020 021 022 023 
Feb  2 11:34:50 cu-cs-vm kernel: [    0.000000] pcpu-alloc: [0] 024 025 026 027 028 029 030 031 
Feb  2 11:34:50 cu-cs-vm kernel: [    0.000000] pcpu-alloc: [0] 032 033 034 035 036 037 038 039 
Feb  2 11:34:50 cu-cs-vm kernel: [    0.000000] pcpu-alloc: [0] 040 041 042 043 044 045 046 047 
Feb  2 11:34:50 cu-cs-vm kernel: [    0.000000] pcpu-alloc: [0] 048 049 050 051 052 053 054 055 
Feb  2 11:34:50 cu-cs-vm kernel: [    0.000000] pcpu-alloc: [0] 056 057 058 059 060 061 062 063 
Feb  2 11:34:50 cu-cs-vm kernel: [    0.000000] pcpu-alloc: [0] 064 065 066 067 068 069 070 071 
Feb  2 11:34:50 cu-cs-vm kernel: [    0.000000] pcpu-alloc: [0] 072 073 074 075 076 077 078 079 
Feb  2 11:34:50 cu-cs-vm kernel: [    0.000000] pcpu-alloc: [0] 080 081 082 083 084 085 086 087 
Feb  2 11:34:50 cu-cs-vm kernel: [    0.000000] pcpu-alloc: [0] 088 089 090 091 092 093 094 095 
Feb  2 11:34:50 cu-cs-vm kernel: [    0.000000] pcpu-alloc: [0] 096 097 098 099 100 101 102 103 
Feb  2 11:34:50 cu-cs-vm kernel: [    0.000000] pcpu-alloc: [0] 104 105 106 107 108 109 110 111 
Feb  2 11:34:50 cu-cs-vm kernel: [    0.000000] pcpu-alloc: [0] 112 113 114 115 116 117 118 119 
Feb  2 11:34:50 cu-cs-vm kernel: [    0.000000] pcpu-alloc: [0] 120 121 122 123 124 125 126 127 
Feb  2 11:34:50 cu-cs-vm kernel: [    0.000000] Built 1 zonelists in Node order, mobility grouping on.  Total pages: 515944
Feb  2 11:34:50 cu-cs-vm kernel: [    0.000000] Policy zone: DMA32
Feb  2 11:34:50 cu-cs-vm kernel: [    0.000000] Kernel command line: BOOT_IMAGE=/@/boot/vmlinuz-4.13.13revision4 root=UUID=bb1213fd-aa15-420b-8d34-682b907abadc ro rootflags=subvol=@ crashkernel=384M-2G:128M,2G-:256M
Feb  2 11:34:50 cu-cs-vm kernel: [    0.000000] log_buf_len individual max cpu contribution: 4096 bytes
Feb  2 11:34:50 cu-cs-vm kernel: [    0.000000] log_buf_len total cpu_extra contributions: 520192 bytes
Feb  2 11:34:50 cu-cs-vm kernel: [    0.000000] log_buf_len min size: 262144 bytes
Feb  2 11:34:50 cu-cs-vm kernel: [    0.000000] log_buf_len: 1048576 bytes
Feb  2 11:34:50 cu-cs-vm kernel: [    0.000000] early log buf free: 236860(90%)
Feb  2 11:34:50 cu-cs-vm kernel: [    0.000000] PID hash table entries: 4096 (order: 3, 32768 bytes)
Feb  2 11:34:50 cu-cs-vm kernel: [    0.000000] Calgary: detecting Calgary via BIOS EBDA area
Feb  2 11:34:50 cu-cs-vm kernel: [    0.000000] Calgary: Unable to locate Rio Grande table in EBDA - bailing!
Feb  2 11:34:50 cu-cs-vm kernel: [    0.000000] Memory: 1834212K/2096628K available (12300K kernel code, 2481K rwdata, 4004K rodata, 2364K init, 2368K bss, 262416K reserved, 0K cma-reserved)
Feb  2 11:34:50 cu-cs-vm kernel: [    0.000000] SLUB: HWalign=64, Order=0-3, MinObjects=0, CPUs=128, Nodes=1
Feb  2 11:34:50 cu-cs-vm kernel: [    0.000000] Kernel/User page tables isolation: enabled
Feb  2 11:34:50 cu-cs-vm kernel: [    0.000000] ftrace: allocating 37823 entries in 148 pages
Feb  2 11:34:50 cu-cs-vm kernel: [    0.004000] Hierarchical RCU implementation.
Feb  2 11:34:50 cu-cs-vm kernel: [    0.004000] 	RCU restricting CPUs from NR_CPUS=8192 to nr_cpu_ids=128.
Feb  2 11:34:50 cu-cs-vm kernel: [    0.004000] 	Tasks RCU enabled.
Feb  2 11:34:50 cu-cs-vm kernel: [    0.004000] RCU: Adjusting geometry for rcu_fanout_leaf=16, nr_cpu_ids=128
Feb  2 11:34:50 cu-cs-vm kernel: [    0.004000] NR_IRQS: 524544, nr_irqs: 1448, preallocated irqs: 16
Feb  2 11:34:50 cu-cs-vm kernel: [    0.004000] Console: colour VGA+ 80x25
Feb  2 11:34:50 cu-cs-vm kernel: [    0.004000] console [tty0] enabled
Feb  2 11:34:50 cu-cs-vm kernel: [    0.004000] tsc: Detected 2899.762 MHz processor
Feb  2 11:34:50 cu-cs-vm kernel: [    0.004000] Calibrating delay loop (skipped) preset value.. 5799.52 BogoMIPS (lpj=11599048)
Feb  2 11:34:50 cu-cs-vm kernel: [    0.004000] pid_max: default: 131072 minimum: 1024
Feb  2 11:34:50 cu-cs-vm kernel: [    0.004000] ACPI: Core revision 20170531
Feb  2 11:34:50 cu-cs-vm kernel: [    0.004000] ACPI: 1 ACPI AML tables successfully acquired and loaded
Feb  2 11:34:50 cu-cs-vm kernel: [    0.004000] Security Framework initialized
Feb  2 11:34:50 cu-cs-vm kernel: [    0.004000] Yama: becoming mindful.
Feb  2 11:34:50 cu-cs-vm kernel: [    0.004000] AppArmor: AppArmor initialized
Feb  2 11:34:50 cu-cs-vm kernel: [    0.004000] Dentry cache hash table entries: 262144 (order: 9, 2097152 bytes)
Feb  2 11:34:50 cu-cs-vm kernel: [    0.004000] Inode-cache hash table entries: 131072 (order: 8, 1048576 bytes)
Feb  2 11:34:50 cu-cs-vm kernel: [    0.004000] Mount-cache hash table entries: 4096 (order: 3, 32768 bytes)
Feb  2 11:34:50 cu-cs-vm kernel: [    0.004000] Mountpoint-cache hash table entries: 4096 (order: 3, 32768 bytes)
Feb  2 11:34:50 cu-cs-vm kernel: [    0.004000] Disabled fast string operations
Feb  2 11:34:50 cu-cs-vm kernel: [    0.004000] CPU: Physical Processor ID: 0
Feb  2 11:34:50 cu-cs-vm kernel: [    0.004000] FEATURE SPEC_CTRL Not Present
Feb  2 11:34:50 cu-cs-vm kernel: [    0.004000] mce: CPU supports 0 MCE banks
Feb  2 11:34:50 cu-cs-vm kernel: [    0.004000] Last level iTLB entries: 4KB 64, 2MB 8, 4MB 8
Feb  2 11:34:50 cu-cs-vm kernel: [    0.004000] Last level dTLB entries: 4KB 64, 2MB 0, 4MB 0, 1GB 4
Feb  2 11:34:50 cu-cs-vm kernel: [    0.004000] Freeing SMP alternatives memory: 36K
Feb  2 11:34:50 cu-cs-vm kernel: [    0.004000] smpboot: Max logical packages: 128
Feb  2 11:34:50 cu-cs-vm kernel: [    0.004000] ..TIMER: vector=0x30 apic1=0 pin1=2 apic2=-1 pin2=-1
Feb  2 11:34:50 cu-cs-vm kernel: [    0.004000] TSC deadline timer enabled
Feb  2 11:34:50 cu-cs-vm kernel: [    0.004000] smpboot: CPU0: Intel(R) Core(TM) i5-5287U CPU @ 2.90GHz (family: 0x6, model: 0x3d, stepping: 0x4)
Feb  2 11:34:50 cu-cs-vm kernel: [    0.004000] Performance Events: Broadwell events, core PMU driver.
Feb  2 11:34:50 cu-cs-vm kernel: [    0.004000] core: CPUID marked event: 'cpu cycles' unavailable
Feb  2 11:34:50 cu-cs-vm kernel: [    0.004000] core: CPUID marked event: 'instructions' unavailable
Feb  2 11:34:50 cu-cs-vm kernel: [    0.004000] core: CPUID marked event: 'bus cycles' unavailable
Feb  2 11:34:50 cu-cs-vm kernel: [    0.004000] core: CPUID marked event: 'cache references' unavailable
Feb  2 11:34:50 cu-cs-vm kernel: [    0.004000] core: CPUID marked event: 'cache misses' unavailable
Feb  2 11:34:50 cu-cs-vm kernel: [    0.004000] core: CPUID marked event: 'branch instructions' unavailable
Feb  2 11:34:50 cu-cs-vm kernel: [    0.004000] core: CPUID marked event: 'branch misses' unavailable
Feb  2 11:34:50 cu-cs-vm kernel: [    0.004000] ... version:                1
Feb  2 11:34:50 cu-cs-vm kernel: [    0.004000] ... bit width:              48
Feb  2 11:34:50 cu-cs-vm kernel: [    0.004000] ... generic registers:      4
Feb  2 11:34:50 cu-cs-vm kernel: [    0.004000] ... value mask:             0000ffffffffffff
Feb  2 11:34:50 cu-cs-vm kernel: [    0.004000] ... max period:             000000007fffffff
Feb  2 11:34:50 cu-cs-vm kernel: [    0.004000] ... fixed-purpose events:   0
Feb  2 11:34:50 cu-cs-vm kernel: [    0.004000] ... event mask:             000000000000000f
Feb  2 11:34:50 cu-cs-vm kernel: [    0.004000] Hierarchical SRCU implementation.
Feb  2 11:34:50 cu-cs-vm kernel: [    0.004000] smp: Bringing up secondary CPUs ...
Feb  2 11:34:50 cu-cs-vm kernel: [    0.004000] x86: Booting SMP configuration:
Feb  2 11:34:50 cu-cs-vm kernel: [    0.004000] .... node  #0, CPUs:          #1
Feb  2 11:34:50 cu-cs-vm kernel: [    0.004000] Disabled fast string operations
Feb  2 11:34:50 cu-cs-vm kernel: [    0.004000] mce: CPU supports 0 MCE banks
Feb  2 11:34:50 cu-cs-vm kernel: [    0.004000] smpboot: CPU 1 Converting physical 2 to logical package 1
Feb  2 11:34:50 cu-cs-vm kernel: [    0.005085] NMI watchdog: disabled (cpu0): hardware events not enabled
Feb  2 11:34:50 cu-cs-vm kernel: [    0.005540] NMI watchdog: Shutting down hard lockup detector on all cpus
Feb  2 11:34:50 cu-cs-vm kernel: [    0.005622] smp: Brought up 1 node, 2 CPUs
Feb  2 11:34:50 cu-cs-vm kernel: [    0.005684] smpboot: Total of 2 processors activated (11599.04 BogoMIPS)
Feb  2 11:34:50 cu-cs-vm kernel: [    0.006330] devtmpfs: initialized
Feb  2 11:34:50 cu-cs-vm kernel: [    0.006330] x86/mm: Memory block size: 128MB
Feb  2 11:34:50 cu-cs-vm kernel: [    0.006330] evm: security.selinux
Feb  2 11:34:50 cu-cs-vm kernel: [    0.006330] evm: security.SMACK64
Feb  2 11:34:50 cu-cs-vm kernel: [    0.006330] evm: security.SMACK64EXEC
Feb  2 11:34:50 cu-cs-vm kernel: [    0.006330] evm: security.SMACK64TRANSMUTE
Feb  2 11:34:50 cu-cs-vm kernel: [    0.006330] evm: security.SMACK64MMAP
Feb  2 11:34:50 cu-cs-vm kernel: [    0.006330] evm: security.ima
Feb  2 11:34:50 cu-cs-vm kernel: [    0.006330] evm: security.capability
Feb  2 11:34:50 cu-cs-vm kernel: [    0.006330] PM: Registering ACPI NVS region [mem 0x7feff000-0x7fefffff] (4096 bytes)
Feb  2 11:34:50 cu-cs-vm kernel: [    0.006330] clocksource: jiffies: mask: 0xffffffff max_cycles: 0xffffffff, max_idle_ns: 7645041785100000 ns
Feb  2 11:34:50 cu-cs-vm kernel: [    0.008031] futex hash table entries: 32768 (order: 9, 2097152 bytes)
Feb  2 11:34:50 cu-cs-vm kernel: [    0.008693] pinctrl core: initialized pinctrl subsystem
Feb  2 11:34:50 cu-cs-vm kernel: [    0.008964] RTC time: 18:34:43, date: 02/02/18
Feb  2 11:34:50 cu-cs-vm kernel: [    0.009191] NET: Registered protocol family 16
Feb  2 11:34:50 cu-cs-vm kernel: [    0.009476] cpuidle: using governor ladder
Feb  2 11:34:50 cu-cs-vm kernel: [    0.009476] cpuidle: using governor menu
Feb  2 11:34:50 cu-cs-vm kernel: [    0.009476] PCCT header not found.
Feb  2 11:34:50 cu-cs-vm kernel: [    0.009476] Simple Boot Flag at 0x36 set to 0x80
Feb  2 11:34:50 cu-cs-vm kernel: [    0.009476] ACPI: bus type PCI registered
Feb  2 11:34:50 cu-cs-vm kernel: [    0.009476] acpiphp: ACPI Hot Plug PCI Controller Driver version: 0.5
Feb  2 11:34:50 cu-cs-vm kernel: [    0.009476] PCI: MMCONFIG for domain 0000 [bus 00-7f] at [mem 0xf0000000-0xf7ffffff] (base 0xf0000000)
Feb  2 11:34:50 cu-cs-vm kernel: [    0.009476] PCI: MMCONFIG at [mem 0xf0000000-0xf7ffffff] reserved in E820
Feb  2 11:34:50 cu-cs-vm kernel: [    0.009476] PCI: Using configuration type 1 for base access
Feb  2 11:34:50 cu-cs-vm kernel: [    0.012867] HugeTLB registered 1.00 GiB page size, pre-allocated 0 pages
Feb  2 11:34:50 cu-cs-vm kernel: [    0.016000] HugeTLB registered 2.00 MiB page size, pre-allocated 0 pages
Feb  2 11:34:50 cu-cs-vm kernel: [    0.016318] ACPI: Added _OSI(Module Device)
Feb  2 11:34:50 cu-cs-vm kernel: [    0.016406] ACPI: Added _OSI(Processor Device)
Feb  2 11:34:50 cu-cs-vm kernel: [    0.016475] ACPI: Added _OSI(3.0 _SCP Extensions)
Feb  2 11:34:50 cu-cs-vm kernel: [    0.016541] ACPI: Added _OSI(Processor Aggregator Device)
Feb  2 11:34:50 cu-cs-vm kernel: [    0.020914] ACPI: [Firmware Bug]: BIOS _OSI(Linux) query ignored
Feb  2 11:34:50 cu-cs-vm kernel: [    0.052023] ACPI: Interpreter enabled
Feb  2 11:34:50 cu-cs-vm kernel: [    0.052120] ACPI: (supports S0 S1 S4 S5)
Feb  2 11:34:50 cu-cs-vm kernel: [    0.052185] ACPI: Using IOAPIC for interrupt routing
Feb  2 11:34:50 cu-cs-vm kernel: [    0.052274] PCI: Using host bridge windows from ACPI; if necessary, use "pci=nocrs" and report a bug
Feb  2 11:34:50 cu-cs-vm kernel: [    0.053040] ACPI: Enabled 4 GPEs in block 00 to 0F
Feb  2 11:34:50 cu-cs-vm kernel: [    0.122470] ACPI: PCI Root Bridge [PCI0] (domain 0000 [bus 00-7f])
Feb  2 11:34:50 cu-cs-vm kernel: [    0.122554] acpi PNP0A03:00: _OSC: OS supports [ExtendedConfig ASPM ClockPM Segments MSI]
Feb  2 11:34:50 cu-cs-vm kernel: [    0.122818] acpi PNP0A03:00: _OSC: platform does not support [AER]
Feb  2 11:34:50 cu-cs-vm kernel: [    0.123035] acpi PNP0A03:00: _OSC: OS now controls [PCIeHotplug PME PCIeCapability]
Feb  2 11:34:50 cu-cs-vm kernel: [    0.124793] PCI host bridge to bus 0000:00
Feb  2 11:34:50 cu-cs-vm kernel: [    0.124863] pci_bus 0000:00: root bus resource [mem 0x000a0000-0x000bffff window]
Feb  2 11:34:50 cu-cs-vm kernel: [    0.124975] pci_bus 0000:00: root bus resource [mem 0x000cc000-0x000cffff window]
Feb  2 11:34:50 cu-cs-vm kernel: [    0.125100] pci_bus 0000:00: root bus resource [mem 0x000d0000-0x000d3fff window]
Feb  2 11:34:50 cu-cs-vm kernel: [    0.125222] pci_bus 0000:00: root bus resource [mem 0x000d4000-0x000d7fff window]
Feb  2 11:34:50 cu-cs-vm kernel: [    0.125335] pci_bus 0000:00: root bus resource [mem 0x000d8000-0x000dbfff window]
Feb  2 11:34:50 cu-cs-vm kernel: [    0.125475] pci_bus 0000:00: root bus resource [mem 0xc0000000-0xfebfffff window]
Feb  2 11:34:50 cu-cs-vm kernel: [    0.125631] pci_bus 0000:00: root bus resource [io  0x0000-0x0cf7 window]
Feb  2 11:34:50 cu-cs-vm kernel: [    0.125714] pci_bus 0000:00: root bus resource [io  0x0d00-0xfeff window]
Feb  2 11:34:50 cu-cs-vm kernel: [    0.125801] pci_bus 0000:00: root bus resource [bus 00-7f]
Feb  2 11:34:50 cu-cs-vm kernel: [    0.126078] pci 0000:00:00.0: [8086:7190] type 00 class 0x060000
Feb  2 11:34:50 cu-cs-vm kernel: [    0.127287] pci 0000:00:01.0: [8086:7191] type 01 class 0x060400
Feb  2 11:34:50 cu-cs-vm kernel: [    0.128080] pci 0000:00:07.0: [8086:7110] type 00 class 0x060100
Feb  2 11:34:50 cu-cs-vm kernel: [    0.129059] pci 0000:00:07.1: [8086:7111] type 00 class 0x01018a
Feb  2 11:34:50 cu-cs-vm kernel: [    0.131083] pci 0000:00:07.1: reg 0x20: [io  0x1060-0x106f]
Feb  2 11:34:50 cu-cs-vm kernel: [    0.131985] pci 0000:00:07.1: legacy IDE quirk: reg 0x10: [io  0x01f0-0x01f7]
Feb  2 11:34:50 cu-cs-vm kernel: [    0.132018] pci 0000:00:07.1: legacy IDE quirk: reg 0x14: [io  0x03f6]
Feb  2 11:34:50 cu-cs-vm kernel: [    0.132095] pci 0000:00:07.1: legacy IDE quirk: reg 0x18: [io  0x0170-0x0177]
Feb  2 11:34:50 cu-cs-vm kernel: [    0.132175] pci 0000:00:07.1: legacy IDE quirk: reg 0x1c: [io  0x0376]
Feb  2 11:34:50 cu-cs-vm kernel: [    0.132777] pci 0000:00:07.3: [8086:7113] type 00 class 0x068000
Feb  2 11:34:50 cu-cs-vm kernel: [    0.134785] pci 0000:00:07.3: quirk: [io  0x1000-0x103f] claimed by PIIX4 ACPI
Feb  2 11:34:50 cu-cs-vm kernel: [    0.134916] pci 0000:00:07.3: quirk: [io  0x1040-0x104f] claimed by PIIX4 SMB
Feb  2 11:34:50 cu-cs-vm kernel: [    0.135326] pci 0000:00:07.7: [15ad:0740] type 00 class 0x088000
Feb  2 11:34:50 cu-cs-vm kernel: [    0.136006] pci 0000:00:07.7: reg 0x10: [io  0x1080-0x10bf]
Feb  2 11:34:50 cu-cs-vm kernel: [    0.136650] pci 0000:00:07.7: reg 0x14: [mem 0xfebfe000-0xfebfffff 64bit]
Feb  2 11:34:50 cu-cs-vm kernel: [    0.140005] pci 0000:00:0f.0: [15ad:0405] type 00 class 0x030000
Feb  2 11:34:50 cu-cs-vm kernel: [    0.142869] pci 0000:00:0f.0: reg 0x10: [io  0x1070-0x107f]
Feb  2 11:34:50 cu-cs-vm kernel: [    0.145395] pci 0000:00:0f.0: reg 0x14: [mem 0xe8000000-0xefffffff pref]
Feb  2 11:34:50 cu-cs-vm kernel: [    0.148042] pci 0000:00:0f.0: reg 0x18: [mem 0xfe000000-0xfe7fffff]
Feb  2 11:34:50 cu-cs-vm kernel: [    0.155669] pci 0000:00:0f.0: reg 0x30: [mem 0x00000000-0x00007fff pref]
Feb  2 11:34:50 cu-cs-vm kernel: [    0.156198] pci 0000:00:11.0: [15ad:0790] type 01 class 0x060401
Feb  2 11:34:50 cu-cs-vm kernel: [    0.157125] pci 0000:00:15.0: [15ad:07a0] type 01 class 0x060400
Feb  2 11:34:50 cu-cs-vm kernel: [    0.158028] pci 0000:00:15.0: PME# supported from D0 D3hot D3cold
Feb  2 11:34:50 cu-cs-vm kernel: [    0.158466] pci 0000:00:15.1: [15ad:07a0] type 01 class 0x060400
Feb  2 11:34:50 cu-cs-vm kernel: [    0.159312] pci 0000:00:15.1: PME# supported from D0 D3hot D3cold
Feb  2 11:34:50 cu-cs-vm kernel: [    0.159715] pci 0000:00:15.2: [15ad:07a0] type 01 class 0x060400
Feb  2 11:34:50 cu-cs-vm kernel: [    0.160960] pci 0000:00:15.2: PME# supported from D0 D3hot D3cold
Feb  2 11:34:50 cu-cs-vm kernel: [    0.161478] pci 0000:00:15.3: [15ad:07a0] type 01 class 0x060400
Feb  2 11:34:50 cu-cs-vm kernel: [    0.162579] pci 0000:00:15.3: PME# supported from D0 D3hot D3cold
Feb  2 11:34:50 cu-cs-vm kernel: [    0.163131] pci 0000:00:15.4: [15ad:07a0] type 01 class 0x060400
Feb  2 11:34:50 cu-cs-vm kernel: [    0.164320] pci 0000:00:15.4: PME# supported from D0 D3hot D3cold
Feb  2 11:34:50 cu-cs-vm kernel: [    0.164717] pci 0000:00:15.5: [15ad:07a0] type 01 class 0x060400
Feb  2 11:34:50 cu-cs-vm kernel: [    0.165681] pci 0000:00:15.5: PME# supported from D0 D3hot D3cold
Feb  2 11:34:50 cu-cs-vm kernel: [    0.166048] pci 0000:00:15.6: [15ad:07a0] type 01 class 0x060400
Feb  2 11:34:50 cu-cs-vm kernel: [    0.166879] pci 0000:00:15.6: PME# supported from D0 D3hot D3cold
Feb  2 11:34:50 cu-cs-vm kernel: [    0.167209] pci 0000:00:15.7: [15ad:07a0] type 01 class 0x060400
Feb  2 11:34:50 cu-cs-vm kernel: [    0.168028] pci 0000:00:15.7: PME# supported from D0 D3hot D3cold
Feb  2 11:34:50 cu-cs-vm kernel: [    0.168372] pci 0000:00:16.0: [15ad:07a0] type 01 class 0x060400
Feb  2 11:34:50 cu-cs-vm kernel: [    0.169146] pci 0000:00:16.0: PME# supported from D0 D3hot D3cold
Feb  2 11:34:50 cu-cs-vm kernel: [    0.169455] pci 0000:00:16.1: [15ad:07a0] type 01 class 0x060400
Feb  2 11:34:50 cu-cs-vm kernel: [    0.170276] pci 0000:00:16.1: PME# supported from D0 D3hot D3cold
Feb  2 11:34:50 cu-cs-vm kernel: [    0.170594] pci 0000:00:16.2: [15ad:07a0] type 01 class 0x060400
Feb  2 11:34:50 cu-cs-vm kernel: [    0.171382] pci 0000:00:16.2: PME# supported from D0 D3hot D3cold
Feb  2 11:34:50 cu-cs-vm kernel: [    0.171711] pci 0000:00:16.3: [15ad:07a0] type 01 class 0x060400
Feb  2 11:34:50 cu-cs-vm kernel: [    0.172788] pci 0000:00:16.3: PME# supported from D0 D3hot D3cold
Feb  2 11:34:50 cu-cs-vm kernel: [    0.173327] pci 0000:00:16.4: [15ad:07a0] type 01 class 0x060400
Feb  2 11:34:50 cu-cs-vm kernel: [    0.174444] pci 0000:00:16.4: PME# supported from D0 D3hot D3cold
Feb  2 11:34:50 cu-cs-vm kernel: [    0.174924] pci 0000:00:16.5: [15ad:07a0] type 01 class 0x060400
Feb  2 11:34:50 cu-cs-vm kernel: [    0.175854] pci 0000:00:16.5: PME# supported from D0 D3hot D3cold
Feb  2 11:34:50 cu-cs-vm kernel: [    0.176406] pci 0000:00:16.6: [15ad:07a0] type 01 class 0x060400
Feb  2 11:34:50 cu-cs-vm kernel: [    0.177323] pci 0000:00:16.6: PME# supported from D0 D3hot D3cold
Feb  2 11:34:50 cu-cs-vm kernel: [    0.177763] pci 0000:00:16.7: [15ad:07a0] type 01 class 0x060400
Feb  2 11:34:50 cu-cs-vm kernel: [    0.178698] pci 0000:00:16.7: PME# supported from D0 D3hot D3cold
Feb  2 11:34:50 cu-cs-vm kernel: [    0.179120] pci 0000:00:17.0: [15ad:07a0] type 01 class 0x060400
Feb  2 11:34:50 cu-cs-vm kernel: [    0.179981] pci 0000:00:17.0: PME# supported from D0 D3hot D3cold
Feb  2 11:34:50 cu-cs-vm kernel: [    0.180312] pci 0000:00:17.1: [15ad:07a0] type 01 class 0x060400
Feb  2 11:34:50 cu-cs-vm kernel: [    0.181181] pci 0000:00:17.1: PME# supported from D0 D3hot D3cold
Feb  2 11:34:50 cu-cs-vm kernel: [    0.181573] pci 0000:00:17.2: [15ad:07a0] type 01 class 0x060400
Feb  2 11:34:50 cu-cs-vm kernel: [    0.182307] pci 0000:00:17.2: PME# supported from D0 D3hot D3cold
Feb  2 11:34:50 cu-cs-vm kernel: [    0.182605] pci 0000:00:17.3: [15ad:07a0] type 01 class 0x060400
Feb  2 11:34:50 cu-cs-vm kernel: [    0.183390] pci 0000:00:17.3: PME# supported from D0 D3hot D3cold
Feb  2 11:34:50 cu-cs-vm kernel: [    0.183699] pci 0000:00:17.4: [15ad:07a0] type 01 class 0x060400
Feb  2 11:34:50 cu-cs-vm kernel: [    0.184419] pci 0000:00:17.4: PME# supported from D0 D3hot D3cold
Feb  2 11:34:50 cu-cs-vm kernel: [    0.184710] pci 0000:00:17.5: [15ad:07a0] type 01 class 0x060400
Feb  2 11:34:50 cu-cs-vm kernel: [    0.185521] pci 0000:00:17.5: PME# supported from D0 D3hot D3cold
Feb  2 11:34:50 cu-cs-vm kernel: [    0.185826] pci 0000:00:17.6: [15ad:07a0] type 01 class 0x060400
Feb  2 11:34:50 cu-cs-vm kernel: [    0.186886] pci 0000:00:17.6: PME# supported from D0 D3hot D3cold
Feb  2 11:34:50 cu-cs-vm kernel: [    0.187341] pci 0000:00:17.7: [15ad:07a0] type 01 class 0x060400
Feb  2 11:34:50 cu-cs-vm kernel: [    0.188081] pci 0000:00:17.7: PME# supported from D0 D3hot D3cold
Feb  2 11:34:50 cu-cs-vm kernel: [    0.188393] pci 0000:00:18.0: [15ad:07a0] type 01 class 0x060400
Feb  2 11:34:50 cu-cs-vm kernel: [    0.189127] pci 0000:00:18.0: PME# supported from D0 D3hot D3cold
Feb  2 11:34:50 cu-cs-vm kernel: [    0.189911] pci 0000:00:18.1: [15ad:07a0] type 01 class 0x060400
Feb  2 11:34:50 cu-cs-vm kernel: [    0.190963] pci 0000:00:18.1: PME# supported from D0 D3hot D3cold
Feb  2 11:34:50 cu-cs-vm kernel: [    0.191557] pci 0000:00:18.2: [15ad:07a0] type 01 class 0x060400
Feb  2 11:34:50 cu-cs-vm kernel: [    0.192565] pci 0000:00:18.2: PME# supported from D0 D3hot D3cold
Feb  2 11:34:50 cu-cs-vm kernel: [    0.193029] pci 0000:00:18.3: [15ad:07a0] type 01 class 0x060400
Feb  2 11:34:50 cu-cs-vm kernel: [    0.193833] pci 0000:00:18.3: PME# supported from D0 D3hot D3cold
